#
# There is insufficient memory for the Java Runtime Environment to continue.
# Native memory allocation (mmap) failed to map 281018368 bytes. Error detail: G1 virtual space
# Possible reasons:
#   The system is out of physical RAM or swap space
#   This process is running with CompressedOops enabled, and the Java Heap may be blocking the growth of the native heap
# Possible solutions:
#   Reduce memory load on the system
#   Increase physical memory or swap space
#   Check if swap backing store is full
#   Decrease Java heap size (-Xmx/-Xms)
#   Decrease number of Java threads
#   Decrease Java thread stack sizes (-Xss)
#   Set larger code cache with -XX:ReservedCodeCacheSize=
#   JVM is running with Zero Based Compressed Oops mode in which the Java heap is
#     placed in the first 32GB address space. The Java Heap base address is the
#     maximum limit for the native heap growth. Please use -XX:HeapBaseMinAddress
#     to set the Java Heap base and to place the Java Heap above 32GB virtual address.
# This output file may be truncated or incomplete.
#
#  Out of Memory Error (os_windows.cpp:3630), pid=17328, tid=14752
#
# JRE version: OpenJDK Runtime Environment Temurin-17.0.20.1+1 (17.0.20.1+1) (build 17.0.20.1+1)
# Java VM: OpenJDK 64-Bit Server VM Temurin-17.0.20.1+1 (17.0.20.1+1, mixed mode, sharing, tiered, compressed oops, compressed class ptrs, g1 gc, windows-amd64)
# No core dump will be written. Minidumps are not enabled by default on client versions of Windows
#

---------------  S U M M A R Y ------------

Command Line: --add-opens=java.base/java.lang=ALL-UNNAMED --add-opens=java.base/java.lang.invoke=ALL-UNNAMED --add-opens=java.base/java.util=ALL-UNNAMED --add-opens=java.prefs/java.util.prefs=ALL-UNNAMED --add-exports=jdk.compiler/com.sun.tools.javac.api=ALL-UNNAMED --add-exports=jdk.compiler/com.sun.tools.javac.util=ALL-UNNAMED --add-opens=java.base/java.util=ALL-UNNAMED --add-opens=java.prefs/java.util.prefs=ALL-UNNAMED --add-opens=java.base/java.nio.charset=ALL-UNNAMED --add-opens=java.base/java.net=ALL-UNNAMED --add-opens=java.base/java.util.concurrent=ALL-UNNAMED --add-opens=java.base/java.util.concurrent.atomic=ALL-UNNAMED --add-opens=java.xml/javax.xml.namespace=ALL-UNNAMED --add-opens=java.base/java.time=ALL-UNNAMED -XX:MaxMetaspaceSize=4G -XX:ReservedCodeCacheSize=512m -XX:+HeapDumpOnOutOfMemoryError -Xmx8G -Dfile.encoding=UTF-8 -Duser.country=FR -Duser.language=fr -Duser.variant -javaagent:C:\Users\alexa\.gradle\wrapper\dists\gradle-9.3.1-all\9ot9r568e8zfvvd4mn8rbu1j0\gradle-9.3.1\lib\agents\gradle-instrumentation-agent-9.3.1.jar org.gradle.launcher.daemon.bootstrap.GradleDaemon 9.3.1

Host: Intel(R) Celeron(R) N4500 @ 1.10GHz, 2 cores, 3G,  Windows 11 , 64 bit Build 22621 (10.0.22621.5415)
Time: Sun Sep 13 20:13:17 2026 Paris, Madrid (heure duild 22621 (10.0.22621.5415) elapsed time: 418.038699 seconds (0d 0h 6m 58s)

---------------  T H R E A D  ---------------

Current thread (0x000001c1bcf207b0):  VMThread "VM Thread" [stack: 0x0000002ceb000000,0x0000002ceb100000] [id=14752]

Stack: [0x0000002ceb000000,0x0000002ceb100000]
Native frames: (J=compiled Java code, j=interpreted, Vv=VM code, C=native code)
V  [jvm.dll+0x684d39]
V  [jvm.dll+0x83a565]
V  [jvm.dll+0x83bfde]
V  [jvm.dll+0x83c663]
V  [jvm.dll+0x2490cf]
V  [jvm.dll+0x681af9]
V  [jvm.dll+0x6768ba]
V  [jvm.dll+0x309467]
V  [jvm.dll+0x310a56]
V  [jvm.dll+0x360f3e]
V  [jvm.dll+0x36117d]
V  [jvm.dll+0x2e04ec]
V  [jvm.dll+0x2de8c2]
V  [jvm.dll+0x2de05c]
V  [jvm.dll+0x320cab]
V  [jvm.dll+0x840e7d]
V  [jvm.dll+0x841bb3]
V  [jvm.dll+0x8420df]
V  [jvm.dll+0x8424c5]
V  [jvm.dll+0x84258e]
V  [jvm.dll+0x7eb17c]
V  [jvm.dll+0x683c07]
C  [ucrtbase.dll+0x29333]
C  [KERNEL32.DLL+0x1259d]
C  [ntdll.dll+0x5af78]

VM_Operation (0x0000002cec6f1950): G1CollectForAllocation, mode: safepoint, requested by thread 0x000001c1c4549be0


---------------  P R O C E S S  ---------------

Threads class SMR info:
_java_thread_list=0x000001c1bf3559b0, length=37, elements={
0x000001c1803a2870, 0x000001c1bcf251a0, 0x000001c1bcf26dd0, 0x000001c1bcf3b880,
0x000001c1bcf3e250, 0x000001c1bcf3ec10, 0x000001c1bcf3f5d0, 0x000001c1bcf41290,
0x000001c1bf30b100, 0x000001c1bf30bdc0, 0x000001c1bcf0a3d0, 0x000001c1bf430ba0,
0x000001c1c40bc030, 0x000001c1bfee2a10, 0x000001c1c454bf50, 0x000001c1c454c970,
0x000001c1c454a0f0, 0x000001c1c454ab10, 0x000001c1c4549be0, 0x000001c1c454ce80,
0x000001c1c454b020, 0x000001c1c454c460, 0x000001c1c454b530, 0x000001c1c45496d0,
0x000001c1c454ba40, 0x000001c1c4d5ae40, 0x000001c1c4d5b860, 0x000001c1c4d5a930,
0x000001c1c4d580b0, 0x000001c1c4d585c0, 0x000001c1c4d58ad0, 0x000001c1c4d5b350,
0x000001c1c4d594f0, 0x000001c1c4d5a420, 0x000001c1c4d59a00, 0x000001c1c4d59f10,
0x000001c1c6e70970
}

Java Threads: ( => current thread )
  0x000001c1803a2870 JavaThread "main" [_thread_blocked, id=19656, stack(0x0000002ceaa00000,0x0000002ceab00000)]
  0x000001c1bcf251a0 JavaThread "Reference Handler" daemon [_thread_blocked, id=19272, stack(0x0000002ceb100000,0x0000002ceb200000)]
  0x000001c1bcf26dd0 JavaThread "Finalizer" daemon [_thread_blocked, id=13776, stack(0x0000002ceb200000,0x0000002ceb300000)]
  0x000001c1bcf3b880 JavaThread "Signal Dispatcher" daemon [_thread_blocked, id=15940, stack(0x0000002ceb300000,0x0000002ceb400000)]
  0x000001c1bcf3e250 JavaThread "Attach Listener" daemon [_thread_blocked, id=8012, stack(0x0000002ceb400000,0x0000002ceb500000)]
  0x000001c1bcf3ec10 JavaThread "Service Thread" daemon [_thread_blocked, id=4672, stack(0x0000002ceb500000,0x0000002ceb600000)]
  0x000001c1bcf3f5d0 JavaThread "Monitor Deflation Thread" daemon [_thread_blocked, id=16668, stack(0x0000002ceb600000,0x0000002ceb700000)]
  0x000001c1bcf41290 JavaThread "C2 CompilerThread0" daemon [_thread_blocked, id=9144, stack(0x0000002ceb700000,0x0000002ceb800000)]
  0x000001c1bf30b100 JavaThread "C1 CompilerThread0" daemon [_thread_blocked, id=20068, stack(0x0000002ceb800000,0x0000002ceb900000)]
  0x000001c1bf30bdc0 JavaThread "Sweeper thread" daemon [_thread_blocked, id=15696, stack(0x0000002ceb900000,0x0000002ceba00000)]
  0x000001c1bcf0a3d0 JavaThread "Common-Cleaner" daemon [_thread_blocked, id=20400, stack(0x0000002ceba00000,0x0000002cebb00000)]
  0x000001c1bf430ba0 JavaThread "Notification Thread" daemon [_thread_blocked, id=17708, stack(0x0000002cebb00000,0x0000002cebc00000)]
  0x000001c1c40bc030 JavaThread "Daemon health stats" [_thread_blocked, id=6360, stack(0x0000002cebe00000,0x0000002cebf00000)]
  0x000001c1bfee2a10 JavaThread "Incoming local TCP Connector on port 64578" [_thread_in_native, id=3996, stack(0x0000002cebf00000,0x0000002cec000000)]
  0x000001c1c454bf50 JavaThread "Daemon periodic checks" [_thread_blocked, id=14888, stack(0x0000002cec000000,0x0000002cec100000)]
  0x000001c1c454c970 JavaThread "Daemon" [_thread_blocked, id=13252, stack(0x0000002cec300000,0x0000002cec400000)]
  0x000001c1c454a0f0 JavaThread "Handler for socket connection from /127.0.0.1:64578 to /127.0.0.1:64581" [_thread_in_native, id=11920, stack(0x0000002cec400000,0x0000002cec500000)]
  0x000001c1c454ab10 JavaThread "Cancel handler" [_thread_blocked, id=5196, stack(0x0000002cec500000,0x0000002cec600000)]
  0x000001c1c4549be0 JavaThread "Daemon worker" [_thread_blocked, id=14724, stack(0x0000002cec600000,0x0000002cec700000)]
  0x000001c1c454ce80 JavaThread "Asynchronous log dispatcher for DefaultDaemonConnection: socket connection from /127.0.0.1:64578 to /127.0.0.1:64581" [_thread_blocked, id=15976, stack(0x0000002cec700000,0x0000002cec800000)]
  0x000001c1c454b020 JavaThread "Stdin handler" [_thread_blocked, id=13704, stack(0x0000002cec800000,0x0000002cec900000)]
  0x000001c1c454c460 JavaThread "Daemon client event forwarder" [_thread_blocked, id=6644, stack(0x0000002cec900000,0x0000002ceca00000)]
  0x000001c1c454b530 JavaThread "Cache worker for journal cache (C:\Users\alexa\.gradle\caches\journal-1)" [_thread_blocked, id=14308, stack(0x0000002ceca00000,0x0000002cecb00000)]
  0x000001c1c45496d0 JavaThread "File lock request listener" [_thread_blocked, id=10608, stack(0x0000002cecb00000,0x0000002cecc00000)]
  0x000001c1c454ba40 JavaThread "Cache worker for file hash cache (C:\Users\alexa\.gradle\caches\9.3.1\fileHashes)" [_thread_blocked, id=5752, stack(0x0000002cecc00000,0x0000002cecd00000)]
  0x000001c1c4d5ae40 JavaThread "Cache worker for file hash cache (C:\Users\alexa\Downloads\SAMA_BUS_Flutter_App\sama_bus_app\android\.gradle\9.3.1\fileHashes)" [_thread_blocked, id=3876, stack(0x0000002cece00000,0x0000002cecf00000)]
  0x000001c1c4d5b860 JavaThread "Cache worker for Build Output Cleanup Cache (C:\Users\alexa\Downloads\SAMA_BUS_Flutter_App\sama_bus_app\android\.gradle\buildOutputCleanup)" [_thread_blocked, id=19708, stack(0x0000002cecf00000,0x0000002ced000000)]
  0x000001c1c4d5a930 JavaThread "File lock release action executor Thread 2" [_thread_blocked, id=8104, stack(0x0000002ced000000,0x0000002ced100000)]
  0x000001c1c4d580b0 JavaThread "File watcher server" daemon [_thread_in_native, id=12848, stack(0x0000002ced100000,0x0000002ced200000)]
  0x000001c1c4d585c0 JavaThread "File watcher consumer" daemon [_thread_blocked, id=10044, stack(0x0000002ced200000,0x0000002ced300000)]
  0x000001c1c4d58ad0 JavaThread "jar transforms" [_thread_blocked, id=14612, stack(0x0000002ced300000,0x0000002ced400000)]
  0x000001c1c4d5b350 JavaThread "jar transforms Thread 2" [_thread_blocked, id=16360, stack(0x0000002ced400000,0x0000002ced500000)]
  0x000001c1c4d594f0 JavaThread "Cache worker for checksums cache (C:\Users\alexa\Downloads\SAMA_BUS_Flutter_App\sama_bus_app\android\.gradle\9.3.1\checksums)" [_thread_blocked, id=5416, stack(0x0000002ced600000,0x0000002ced700000)]
  0x000001c1c4d5a420 JavaThread "Cache worker for file content cache (C:\Users\alexa\.gradle\caches\9.3.1\fileContent)" [_thread_blocked, id=18236, stack(0x0000002ced700000,0x0000002ced800000)]
  0x000001c1c4d59a00 JavaThread "Cache worker for cache directory md-supplier (C:\Users\alexa\.gradle\caches\9.3.1\md-supplier)" [_thread_blocked, id=20028, stack(0x0000002ced800000,0x0000002ced900000)]
  0x000001c1c4d59f10 JavaThread "Cache worker for cache directory md-rule (C:\Users\alexa\.gradle\caches\9.3.1\md-rule)" [_thread_blocked, id=19064, stack(0x0000002ced900000,0x0000002ceda00000)]
  0x000001c1c6e70970 JavaThread "Cache worker for Build Output Cleanup Cache (C:\src\flutter\packages\flutter_tools\gradle\.gradle\buildOutputCleanup)" [_thread_blocked, id=14444, stack(0x0000002cea900000,0x0000002ceaa00000)]

Other Threads:
=>0x000001c1bcf207b0 VMThread "VM Thread" [stack: 0x0000002ceb000000,0x0000002ceb100000] [id=14752]
  0x000001c1bf485380 WatcherThread [stack: 0x0000002cebc00000,0x0000002cebd00000] [id=16584]
  0x000001c1bcdd19b0 GCTaskThread "GC Thread#0" [stack: 0x0000002ceab00000,0x0000002ceac00000] [id=6624]
  0x000001c1bf505b30 GCTaskThread "GC Thread#1" [stack: 0x0000002cebd00000,0x0000002cebe00000] [id=20440]
  0x000001c18041d190 ConcurrentGCThread "G1 Main Marker" [stack: 0x0000002ceac00000,0x0000002cead00000] [id=18984]
  0x000001c18041dbb0 ConcurrentGCThread "G1 Conc#0" [stack: 0x0000002cead00000,0x0000002ceae00000] [id=14304]
  0x000001c1bcde1fe0 ConcurrentGCThread "G1 Refine#0" [stack: 0x0000002ceae00000,0x0000002ceaf00000] [id=18576]
  0x000001c1c55cc6e0 ConcurrentGCThread "G1 Refine#1" [stack: 0x0000002ced500000,0x0000002ced600000] [id=13072]
  0x000001c1bcde2a10 ConcurrentGCThread "G1 Service" [stack: 0x0000002ceaf00000,0x0000002ceb000000] [id=2580]

Threads with active compile tasks:

VM state: at safepoint (normal execution)

VM Mutex/Monitor currently owned by a thread:  ([mutex/lock_event])
[0x000001c18039d840] Threads_lock - owner thread: 0x000001c1bcf207b0
[0x000001c18039d3c0] Heap_lock - owner thread: 0x000001c1c4549be0

Heap address: 0x0000000600000000, size: 8192 MB, Compressed Oops mode: Zero based, Oop shift amount: 3

CDS archive(s) mapped at: [0x000001c200000000-0x000001c200bb0000-0x000001c200bb0000), size 12255232, SharedBaseAddress: 0x000001c200000000, ArchiveRelocationMode: 1.
Compressed class space mapped at: 0x000001c201000000-0x000001c241000000, reserved size: 1073741824
Narrow klass base: 0x000001c200000000, Narrow klass shift: 0, Narrow klass range: 0x100000000

GC Precious Log:
 CPUs: 2 total, 2 available
 Memory: 3905M
 Large Page Support: Disabled
 NUMA Support: Disabled
 Compressed Oops: Enabled (Zero based)
 Heap Region Size: 4M
 Heap Min Capacity: 8M
 Heap Initial Capacity: 64M
 Heap Max Capacity: 8G
 Pre-touch: Disabled
 Parallel Workers: 2
 Concurrent Workers: 1
 Concurrent Refinement Workers: 2
 Periodic GC: Disabled

Heap:
 garbage-first heap   total 274432K, used 45211K [0x0000000600000000, 0x0000000800000000)
  region size 4096K, 1 young (4096K), 1 survivors (4096K)
 Metaspace       used 54976K, committed 55744K, reserved 1114112K
  class space    used 7825K, committed 8192K, reserved 1048576K

Heap Regions: E=young(eden), S=young(survivor), O=old, HS=humongous(starts), HC=humongous(continues), CS=collection set, F=free, OA=open archive, CA=closed archive, TAMS=top-at-mark-start (previous, next)
|   0|0x0000000600000000, 0x0000000600400000, 0x0000000600400000|100%|HS|  |TAMS 0x0000000600400000, 0x0000000600000000| Complete 
|   1|0x0000000600400000, 0x0000000600800000, 0x0000000600800000|100%| O|  |TAMS 0x0000000600800000, 0x0000000600400000| Untracked 
|   2|0x0000000600800000, 0x0000000600c00000, 0x0000000600c00000|100%| O|  |TAMS 0x0000000600c00000, 0x0000000600800000| Untracked 
|   3|0x0000000600c00000, 0x0000000601000000, 0x0000000601000000|100%| O|  |TAMS 0x0000000601000000, 0x0000000600c00000| Untracked 
|   4|0x0000000601000000, 0x0000000601400000, 0x0000000601400000|100%| O|  |TAMS 0x0000000601400000, 0x0000000601000000| Untracked 
|   5|0x0000000601400000, 0x0000000601800000, 0x0000000601800000|100%| O|  |TAMS 0x0000000601800000, 0x0000000601400000| Untracked 
|   6|0x0000000601800000, 0x0000000601c00000, 0x0000000601c00000|100%| O|  |TAMS 0x0000000601c00000, 0x0000000601800000| Untracked 
|   7|0x0000000601c00000, 0x0000000602000000, 0x0000000602000000|100%| O|  |TAMS 0x0000000602000000, 0x0000000601c00000| Untracked 
|   8|0x0000000602000000, 0x0000000602400000, 0x0000000602400000|100%| O|  |TAMS 0x000000060204f800, 0x0000000602000000| Untracked 
|   9|0x0000000602400000, 0x0000000602800000, 0x0000000602800000|100%| O|  |TAMS 0x0000000602400000, 0x0000000602400000| Untracked 
|  10|0x0000000602800000, 0x0000000602b88000, 0x0000000602c00000| 88%| O|  |TAMS 0x0000000602800000, 0x0000000602800000| Untracked 
|  11|0x0000000602c00000, 0x0000000602c00000, 0x0000000603000000|  0%| F|  |TAMS 0x0000000602c00000, 0x0000000602c00000| Untracked 
|  12|0x0000000603000000, 0x0000000603000000, 0x0000000603400000|  0%| F|  |TAMS 0x0000000603000000, 0x0000000603000000| Untracked 
|  13|0x0000000603400000, 0x0000000603400000, 0x0000000603800000|  0%| F|  |TAMS 0x0000000603400000, 0x0000000603400000| Untracked 
|  14|0x0000000603800000, 0x0000000603800000, 0x0000000603c00000|  0%| F|  |TAMS 0x0000000603800000, 0x0000000603800000| Untracked 
|  15|0x0000000603c00000, 0x0000000603c00000, 0x0000000604000000|  0%| F|  |TAMS 0x0000000603c00000, 0x0000000603c00000| Untracked 
|  16|0x0000000604000000, 0x0000000604000000, 0x0000000604400000|  0%| F|  |TAMS 0x0000000604000000, 0x0000000604000000| Untracked 
|  17|0x0000000604400000, 0x0000000604400000, 0x0000000604800000|  0%| F|  |TAMS 0x0000000604400000, 0x0000000604400000| Untracked 
|  18|0x0000000604800000, 0x0000000604800000, 0x0000000604c00000|  0%| F|  |TAMS 0x0000000604800000, 0x0000000604800000| Untracked 
|  19|0x0000000604c00000, 0x0000000604c00000, 0x0000000605000000|  0%| F|  |TAMS 0x0000000604c00000, 0x0000000604c00000| Untracked 
|  20|0x0000000605000000, 0x0000000605000000, 0x0000000605400000|  0%| F|  |TAMS 0x0000000605000000, 0x0000000605000000| Untracked 
|  21|0x0000000605400000, 0x0000000605400000, 0x0000000605800000|  0%| F|  |TAMS 0x0000000605400000, 0x0000000605400000| Untracked 
|  22|0x0000000605800000, 0x0000000605800000, 0x0000000605c00000|  0%| F|  |TAMS 0x0000000605800000, 0x0000000605800000| Untracked 
|  23|0x0000000605c00000, 0x0000000605c00000, 0x0000000606000000|  0%| F|  |TAMS 0x0000000605c00000, 0x0000000605c00000| Untracked 
|  24|0x0000000606000000, 0x0000000606000000, 0x0000000606400000|  0%| F|  |TAMS 0x0000000606000000, 0x0000000606000000| Untracked 
|  25|0x0000000606400000, 0x0000000606400000, 0x0000000606800000|  0%| F|  |TAMS 0x0000000606400000, 0x0000000606400000| Untracked 
|  26|0x0000000606800000, 0x0000000606800000, 0x0000000606c00000|  0%| F|  |TAMS 0x0000000606800000, 0x0000000606800000| Untracked 
|  27|0x0000000606c00000, 0x0000000606c00000, 0x0000000607000000|  0%| F|  |TAMS 0x0000000606c00000, 0x0000000606c00000| Untracked 
|  28|0x0000000607000000, 0x0000000607000000, 0x0000000607400000|  0%| F|  |TAMS 0x0000000607000000, 0x0000000607000000| Untracked 
|  29|0x0000000607400000, 0x0000000607400000, 0x0000000607800000|  0%| F|  |TAMS 0x0000000607400000, 0x0000000607400000| Untracked 
|  30|0x0000000607800000, 0x0000000607800000, 0x0000000607c00000|  0%| F|  |TAMS 0x0000000607800000, 0x0000000607800000| Untracked 
|  31|0x0000000607c00000, 0x0000000607c00000, 0x0000000608000000|  0%| F|  |TAMS 0x0000000607c00000, 0x0000000607c00000| Untracked 
|  32|0x0000000608000000, 0x0000000608000000, 0x0000000608400000|  0%| F|  |TAMS 0x0000000608000000, 0x0000000608000000| Untracked 
|  33|0x0000000608400000, 0x0000000608400000, 0x0000000608800000|  0%| F|  |TAMS 0x0000000608400000, 0x0000000608400000| Untracked 
|  34|0x0000000608800000, 0x0000000608800000, 0x0000000608c00000|  0%| F|  |TAMS 0x0000000608800000, 0x0000000608800000| Untracked 
|  35|0x0000000608c00000, 0x0000000608c00000, 0x0000000609000000|  0%| F|  |TAMS 0x0000000608c00000, 0x0000000608c00000| Untracked 
|  36|0x0000000609000000, 0x0000000609000000, 0x0000000609400000|  0%| F|  |TAMS 0x0000000609000000, 0x0000000609000000| Untracked 
|  37|0x0000000609400000, 0x0000000609400000, 0x0000000609800000|  0%| F|  |TAMS 0x0000000609400000, 0x0000000609400000| Untracked 
|  38|0x0000000609800000, 0x0000000609800000, 0x0000000609c00000|  0%| F|  |TAMS 0x0000000609800000, 0x0000000609800000| Untracked 
|  39|0x0000000609c00000, 0x0000000609c00000, 0x000000060a000000|  0%| F|  |TAMS 0x0000000609c00000, 0x0000000609c00000| Untracked 
|  40|0x000000060a000000, 0x000000060a000000, 0x000000060a400000|  0%| F|  |TAMS 0x000000060a000000, 0x000000060a000000| Untracked 
|  41|0x000000060a400000, 0x000000060a400000, 0x000000060a800000|  0%| F|  |TAMS 0x000000060a400000, 0x000000060a400000| Untracked 
|  42|0x000000060a800000, 0x000000060a800000, 0x000000060ac00000|  0%| F|  |TAMS 0x000000060a800000, 0x000000060a800000| Untracked 
|  43|0x000000060ac00000, 0x000000060ac00000, 0x000000060b000000|  0%| F|  |TAMS 0x000000060ac00000, 0x000000060ac00000| Untracked 
|  44|0x000000060b000000, 0x000000060b000000, 0x000000060b400000|  0%| F|  |TAMS 0x000000060b000000, 0x000000060b000000| Untracked 
|  45|0x000000060b400000, 0x000000060b400000, 0x000000060b800000|  0%| F|  |TAMS 0x000000060b400000, 0x000000060b400000| Untracked 
|  46|0x000000060b800000, 0x000000060b800000, 0x000000060bc00000|  0%| F|  |TAMS 0x000000060b800000, 0x000000060b800000| Untracked 
|  47|0x000000060bc00000, 0x000000060bc00000, 0x000000060c000000|  0%| F|  |TAMS 0x000000060bc00000, 0x000000060bc00000| Untracked 
|  48|0x000000060c000000, 0x000000060c000000, 0x000000060c400000|  0%| F|  |TAMS 0x000000060c000000, 0x000000060c000000| Untracked 
|  49|0x000000060c400000, 0x000000060c400000, 0x000000060c800000|  0%| F|  |TAMS 0x000000060c400000, 0x000000060c400000| Untracked 
|  50|0x000000060c800000, 0x000000060c800000, 0x000000060cc00000|  0%| F|  |TAMS 0x000000060c800000, 0x000000060c800000| Untracked 
|  51|0x000000060cc00000, 0x000000060cc00000, 0x000000060d000000|  0%| F|  |TAMS 0x000000060cc00000, 0x000000060cc00000| Untracked 
|  52|0x000000060d000000, 0x000000060d000000, 0x000000060d400000|  0%| F|  |TAMS 0x000000060d000000, 0x000000060d000000| Untracked 
|  53|0x000000060d400000, 0x000000060d400000, 0x000000060d800000|  0%| F|  |TAMS 0x000000060d400000, 0x000000060d400000| Untracked 
|  54|0x000000060d800000, 0x000000060d800000, 0x000000060dc00000|  0%| F|  |TAMS 0x000000060d800000, 0x000000060d800000| Untracked 
|  55|0x000000060dc00000, 0x000000060dc00000, 0x000000060e000000|  0%| F|  |TAMS 0x000000060dc00000, 0x000000060dc00000| Untracked 
|  56|0x000000060e000000, 0x000000060e000000, 0x000000060e400000|  0%| F|  |TAMS 0x000000060e000000, 0x000000060e000000| Untracked 
|  57|0x000000060e400000, 0x000000060e400000, 0x000000060e800000|  0%| F|  |TAMS 0x000000060e400000, 0x000000060e400000| Untracked 
|  58|0x000000060e800000, 0x000000060e800000, 0x000000060ec00000|  0%| F|  |TAMS 0x000000060e800000, 0x000000060e800000| Untracked 
|  59|0x000000060ec00000, 0x000000060ec00000, 0x000000060f000000|  0%| F|  |TAMS 0x000000060ec00000, 0x000000060ec00000| Untracked 
|  60|0x000000060f000000, 0x000000060f000000, 0x000000060f400000|  0%| F|  |TAMS 0x000000060f000000, 0x000000060f000000| Untracked 
|  61|0x000000060f400000, 0x000000060f400000, 0x000000060f800000|  0%| F|  |TAMS 0x000000060f400000, 0x000000060f400000| Untracked 
|  62|0x000000060f800000, 0x000000060f800000, 0x000000060fc00000|  0%| F|  |TAMS 0x000000060f800000, 0x000000060f800000| Untracked 
|  63|0x000000060fc00000, 0x000000060fc00000, 0x0000000610000000|  0%| F|  |TAMS 0x000000060fc00000, 0x000000060fc00000| Untracked 
|  64|0x0000000610000000, 0x000000061009ee50, 0x0000000610400000| 15%| S|CS|TAMS 0x0000000610000000, 0x0000000610000000| Complete 
|  65|0x0000000610400000, 0x0000000610400000, 0x0000000610800000|  0%| F|  |TAMS 0x0000000610400000, 0x0000000610400000| Untracked 
|  66|0x0000000610800000, 0x0000000610800000, 0x0000000610c00000|  0%| F|  |TAMS 0x0000000610800000, 0x0000000610800000| Untracked 

Card table byte_map: [0x000001c1aad40000,0x000001c1abd40000] _byte_map_base: 0x000001c1a7d40000

Marking Bits (Prev, Next): (CMBitMap*) 0x000001c18040b850, (CMBitMap*) 0x000001c18040b890
 Prev Bits: [0x000001c1acd40000, 0x000001c1b4d40000)
 Next Bits: [0x000001c1b4d40000, 0x000001c1bcd40000)

Polling page: 0x000001c180440000

Metaspace:

Usage:
  Non-class:     46.05 MB used.
      Class:      7.64 MB used.
       Both:     53.69 MB used.

Virtual space:
  Non-class space:       64.00 MB reserved,      46.44 MB ( 73%) committed,  1 nodes.
      Class space:        1.00 GB reserved,       8.00 MB ( <1%) committed,  1 nodes.
             Both:        1.06 GB reserved,      54.44 MB (  5%) committed. 

Chunk freelists:
   Non-Class:  1.25 MB
       Class:  7.91 MB
        Both:  9.16 MB

MaxMetaspaceSize: 4.00 GB
CompressedClassSpaceSize: 1.00 GB
Initial GC threshold: 21.00 MB
Current GC threshold: 65.00 MB
CDS: on
MetaspaceReclaimPolicy: balanced
 - commit_granule_bytes: 65536.
 - commit_granule_words: 8192.
 - virtual_space_node_default_size: 8388608.
 - enlarge_chunks_in_place: 1.
 - new_chunks_are_fully_committed: 0.
 - uncommit_free_chunks: 1.
 - use_allocation_guard: 0.
 - handle_deallocations: 1.


Internal statistics:

num_allocs_failed_limit: 6.
num_arena_births: 1132.
num_arena_deaths: 0.
num_vsnodes_births: 2.
num_vsnodes_deaths: 0.
num_space_committed: 871.
num_space_uncommitted: 0.
num_chunks_returned_to_freelist: 6.
num_chunks_taken_from_freelist: 3449.
num_chunk_merges: 6.
num_chunk_splits: 2222.
num_chunks_enlarged: 1426.
num_inconsistent_stats: 0.

CodeHeap 'non-profiled nmethods': size=259328Kb used=3938Kb max_used=3938Kb free=255389Kb
 bounds [0x000001c1999e0000, 0x000001c199dc0000, 0x000001c1a9720000]
CodeHeap 'profiled nmethods': size=259264Kb used=12263Kb max_used=12263Kb free=247000Kb
 bounds [0x000001c189720000, 0x000001c18a320000, 0x000001c199450000]
CodeHeap 'non-nmethods': size=5696Kb used=1669Kb max_used=1688Kb free=4027Kb
 bounds [0x000001c199450000, 0x000001c1996c0000, 0x000001c1999e0000]
 total_blobs=6832 nmethods=6079 adapters=666
 compilation: enabled
              stopped_count=0, restarted_count=0
 full_count=0

Compilation events (20 events):
Event: 415.792 Thread 0x000001c1bcf41290 6840       4       jdk.internal.org.objectweb.asm.Attribute::computeAttributesSize (62 bytes)
Event: 415.824 Thread 0x000001c1bcf41290 nmethod 6840 0x000001c199db6a90 code [0x000001c199db6c20, 0x000001c199db6cf8]
Event: 415.831 Thread 0x000001c1bcf41290 6841       4       jdk.internal.org.objectweb.asm.AnnotationWriter::computeAnnotationsSize (66 bytes)
Event: 415.899 Thread 0x000001c1bcf41290 nmethod 6841 0x000001c199db6e10 code [0x000001c199db6fa0, 0x000001c199db7128]
Event: 416.495 Thread 0x000001c1bcf41290 6842       4       java.lang.ThreadLocal::set (30 bytes)
Event: 416.507 Thread 0x000001c1bcf41290 nmethod 6842 0x000001c199db7310 code [0x000001c199db74e0, 0x000001c199db7d28]
Event: 416.766 Thread 0x000001c1bcf41290 6844       4       java.util.ImmutableCollections$Set12$1::hasNext (13 bytes)
Event: 416.767 Thread 0x000001c1bcf41290 nmethod 6844 0x000001c199db8490 code [0x000001c199db8600, 0x000001c199db8698]
Event: 416.768 Thread 0x000001c1bcf41290 6845       4       jdk.internal.loader.URLClassPath$JarLoader$2::getCodeSourceURL (8 bytes)
Event: 416.769 Thread 0x000001c1bcf41290 nmethod 6845 0x000001c199db8790 code [0x000001c199db8920, 0x000001c199db89b8]
Event: 417.509 Thread 0x000001c1bf30b100 6846       3       org.gradle.cache.internal.cacheops.CacheAccessOperationsStack::pushCacheAction (11 bytes)
Event: 417.510 Thread 0x000001c1bf30b100 nmethod 6846 0x000001c18a317490 code [0x000001c18a317680, 0x000001c18a317c58]
Event: 417.510 Thread 0x000001c1bf30b100 6847       3       org.gradle.cache.internal.cacheops.CacheOperationStack::pushCacheAction (12 bytes)
Event: 417.510 Thread 0x000001c1bf30b100 nmethod 6847 0x000001c18a317e90 code [0x000001c18a318020, 0x000001c18a318138]
Event: 417.545 Thread 0x000001c1bf30b100 6848       3       org.gradle.cache.internal.DefaultCacheCoordinator::releaseOwnership (32 bytes)
Event: 417.545 Thread 0x000001c1bf30b100 nmethod 6848 0x000001c18a318210 code [0x000001c18a318440, 0x000001c18a318ca8]
Event: 417.546 Thread 0x000001c1bf30b100 6849       3       org.gradle.cache.internal.cacheops.CacheAccessOperationsStack::popCacheAction (44 bytes)
Event: 417.550 Thread 0x000001c1bf30b100 nmethod 6849 0x000001c18a318f90 code [0x000001c18a3191a0, 0x000001c18a319918]
Event: 417.692 Thread 0x000001c1bf30b100 6850       3       org.gradle.internal.resource.ExternalResourceName::isLowerCaseChar (18 bytes)
Event: 417.693 Thread 0x000001c1bf30b100 nmethod 6850 0x000001c18a319b90 code [0x000001c18a319d20, 0x000001c18a319e98]

GC Heap History (20 events):
Event: 250.646 GC heap after
{Heap after GC invocations=36 (full 0):
 garbage-first heap   total 98304K, used 38802K [0x0000000600000000, 0x0000000800000000)
  region size 4096K, 1 young (4096K), 1 survivors (4096K)
 Metaspace       used 44405K, committed 45056K, reserved 1114112K
  class space    used 6175K, committed 6464K, reserved 1048576K
}
Event: 264.413 GC heap before
{Heap before GC invocations=36 (full 0):
 garbage-first heap   total 98304K, used 42898K [0x0000000600000000, 0x0000000800000000)
  region size 4096K, 2 young (8192K), 1 survivors (4096K)
 Metaspace       used 44687K, committed 45312K, reserved 1114112K
  class space    used 6225K, committed 6528K, reserved 1048576K
}
Event: 264.463 GC heap after
{Heap after GC invocations=37 (full 0):
 garbage-first heap   total 98304K, used 39084K [0x0000000600000000, 0x0000000800000000)
  region size 4096K, 1 young (4096K), 1 survivors (4096K)
 Metaspace       used 44687K, committed 45312K, reserved 1114112K
  class space    used 6225K, committed 6528K, reserved 1048576K
}
Event: 273.819 GC heap before
{Heap before GC invocations=37 (full 0):
 garbage-first heap   total 98304K, used 55468K [0x0000000600000000, 0x0000000800000000)
  region size 4096K, 5 young (20480K), 1 survivors (4096K)
 Metaspace       used 46382K, committed 47040K, reserved 1114112K
  class space    used 6453K, committed 6784K, reserved 1048576K
}
Event: 273.829 GC heap after
{Heap after GC invocations=38 (full 0):
 garbage-first heap   total 98304K, used 39971K [0x0000000600000000, 0x0000000800000000)
  region size 4096K, 1 young (4096K), 1 survivors (4096K)
 Metaspace       used 46382K, committed 47040K, reserved 1114112K
  class space    used 6453K, committed 6784K, reserved 1048576K
}
Event: 275.127 GC heap before
{Heap before GC invocations=38 (full 0):
 garbage-first heap   total 98304K, used 64547K [0x0000000600000000, 0x0000000800000000)
  region size 4096K, 7 young (28672K), 1 survivors (4096K)
 Metaspace       used 46396K, committed 47104K, reserved 1114112K
  class space    used 6454K, committed 6784K, reserved 1048576K
}
Event: 275.216 GC heap after
{Heap after GC invocations=39 (full 0):
 garbage-first heap   total 98304K, used 39957K [0x0000000600000000, 0x0000000800000000)
  region size 4096K, 1 young (4096K), 1 survivors (4096K)
 Metaspace       used 46396K, committed 47104K, reserved 1114112K
  class space    used 6454K, committed 6784K, reserved 1048576K
}
Event: 308.607 GC heap before
{Heap before GC invocations=39 (full 0):
 garbage-first heap   total 98304K, used 72725K [0x0000000600000000, 0x0000000800000000)
  region size 4096K, 9 young (36864K), 1 survivors (4096K)
 Metaspace       used 48981K, committed 49664K, reserved 1114112K
  class space    used 6882K, committed 7168K, reserved 1048576K
}
Event: 309.219 GC heap after
{Heap after GC invocations=40 (full 0):
 garbage-first heap   total 274432K, used 41548K [0x0000000600000000, 0x0000000800000000)
  region size 4096K, 1 young (4096K), 1 survivors (4096K)
 Metaspace       used 48981K, committed 49664K, reserved 1114112K
  class space    used 6882K, committed 7168K, reserved 1048576K
}
Event: 324.089 GC heap before
{Heap before GC invocations=40 (full 0):
 garbage-first heap   total 274432K, used 49740K [0x0000000600000000, 0x0000000800000000)
  region size 4096K, 3 young (12288K), 1 survivors (4096K)
 Metaspace       used 49233K, committed 49984K, reserved 1114112K
  class space    used 6914K, committed 7232K, reserved 1048576K
}
Event: 324.153 GC heap after
{Heap after GC invocations=41 (full 0):
 garbage-first heap   total 274432K, used 41809K [0x0000000600000000, 0x0000000800000000)
  region size 4096K, 1 young (4096K), 1 survivors (4096K)
 Metaspace       used 49233K, committed 49984K, reserved 1114112K
  class space    used 6914K, committed 7232K, reserved 1048576K
}
Event: 327.429 GC heap before
{Heap before GC invocations=41 (full 0):
 garbage-first heap   total 274432K, used 66385K [0x0000000600000000, 0x0000000800000000)
  region size 4096K, 7 young (28672K), 1 survivors (4096K)
 Metaspace       used 49494K, committed 50240K, reserved 1114112K
  class space    used 6954K, committed 7296K, reserved 1048576K
}
Event: 327.451 GC heap after
{Heap after GC invocations=42 (full 0):
 garbage-first heap   total 274432K, used 42229K [0x0000000600000000, 0x0000000800000000)
  region size 4096K, 1 young (4096K), 1 survivors (4096K)
 Metaspace       used 49494K, committed 50240K, reserved 1114112K
  class space    used 6954K, committed 7296K, reserved 1048576K
}
Event: 383.241 GC heap before
{Heap before GC invocations=42 (full 0):
 garbage-first heap   total 274432K, used 91381K [0x0000000600000000, 0x0000000800000000)
  region size 4096K, 13 young (53248K), 1 survivors (4096K)
 Metaspace       used 53077K, committed 53824K, reserved 1114112K
  class space    used 7538K, committed 7872K, reserved 1048576K
}
Event: 386.138 GC heap after
{Heap after GC invocations=43 (full 0):
 garbage-first heap   total 274432K, used 44636K [0x0000000600000000, 0x0000000800000000)
  region size 4096K, 2 young (8192K), 2 survivors (8192K)
 Metaspace       used 53077K, committed 53824K, reserved 1114112K
  class space    used 7538K, committed 7872K, reserved 1048576K
}
Event: 394.290 GC heap before
{Heap before GC invocations=43 (full 0):
 garbage-first heap   total 274432K, used 48732K [0x0000000600000000, 0x0000000800000000)
  region size 4096K, 3 young (12288K), 2 survivors (8192K)
 Metaspace       used 53458K, committed 54208K, reserved 1114112K
  class space    used 7602K, committed 7936K, reserved 1048576K
}
Event: 397.575 GC heap after
{Heap after GC invocations=44 (full 0):
 garbage-first heap   total 274432K, used 45420K [0x0000000600000000, 0x0000000800000000)
  region size 4096K, 1 young (4096K), 1 survivors (4096K)
 Metaspace       used 53458K, committed 54208K, reserved 1114112K
  class space    used 7602K, committed 7936K, reserved 1048576K
}
Event: 408.884 GC heap before
{Heap before GC invocations=44 (full 0):
 garbage-first heap   total 274432K, used 53612K [0x0000000600000000, 0x0000000800000000)
  region size 4096K, 3 young (12288K), 1 survivors (4096K)
 Metaspace       used 54219K, committed 55040K, reserved 1114112K
  class space    used 7698K, committed 8064K, reserved 1048576K
}
Event: 409.048 GC heap after
{Heap after GC invocations=45 (full 0):
 garbage-first heap   total 274432K, used 45027K [0x0000000600000000, 0x0000000800000000)
  region size 4096K, 1 young (4096K), 1 survivors (4096K)
 Metaspace       used 54219K, committed 55040K, reserved 1114112K
  class space    used 7698K, committed 8064K, reserved 1048576K
}
Event: 417.886 GC heap before
{Heap before GC invocations=45 (full 0):
 garbage-first heap   total 274432K, used 53219K [0x0000000600000000, 0x0000000800000000)
  region size 4096K, 3 young (12288K), 1 survivors (4096K)
 Metaspace       used 54976K, committed 55744K, reserved 1114112K
  class space    used 7825K, committed 8192K, reserved 1048576K
}

Dll operation events (15 events):
Event: 1.157 Loaded shared library C:\Program Files\Eclipse Adoptium\jdk-17.0.20.101-hotspot\bin\java.dll
Event: 1.938 Loaded shared library C:\Program Files\Eclipse Adoptium\jdk-17.0.20.101-hotspot\bin\jsvml.dll
Event: 3.038 Loaded shared library C:\Program Files\Eclipse Adoptium\jdk-17.0.20.101-hotspot\bin\zip.dll
Event: 3.052 Loaded shared library C:\Program Files\Eclipse Adoptium\jdk-17.0.20.101-hotspot\bin\instrument.dll
Event: 3.406 Loaded shared library C:\Program Files\Eclipse Adoptium\jdk-17.0.20.101-hotspot\bin\net.dll
Event: 3.414 Loaded shared library C:\Program Files\Eclipse Adoptium\jdk-17.0.20.101-hotspot\bin\nio.dll
Event: 3.454 Loaded shared library C:\Program Files\Eclipse Adoptium\jdk-17.0.20.101-hotspot\bin\zip.dll
Event: 7.368 Loaded shared library C:\Program Files\Eclipse Adoptium\jdk-17.0.20.101-hotspot\bin\jimage.dll
Event: 15.087 Loaded shared library C:\Program Files\Eclipse Adoptium\jdk-17.0.20.101-hotspot\bin\verify.dll
Event: 15.650 Loaded shared library C:\Users\alexa\.gradle\native\660c5614fbf4a5f2a75b1949f50a0caf5cd603558e7d8a26e50b933a0cfb79d1\windows-amd64\native-platform.dll
Event: 15.739 Loaded shared library C:\Users\alexa\.gradle\native\0.2.8\x86_64-windows-gnu\gradle-fileevents.dll
Event: 37.223 Loaded shared library C:\Program Files\Eclipse Adoptium\jdk-17.0.20.101-hotspot\bin\management.dll
Event: 37.261 Loaded shared library C:\Program Files\Eclipse Adoptium\jdk-17.0.20.101-hotspot\bin\management_ext.dll
Event: 51.118 Loaded shared library C:\Program Files\Eclipse Adoptium\jdk-17.0.20.101-hotspot\bin\extnet.dll
Event: 121.502 Loaded shared library C:\Program Files\Eclipse Adoptium\jdk-17.0.20.101-hotspot\bin\sunmscapi.dll

Deoptimization events (20 events):
Event: 353.912 Thread 0x000001c1c4549be0 Uncommon trap: trap_request=0xffffffbe fr.pc=0x000001c199d5f0d0 relative=0x00000000000001b0
Event: 353.912 Thread 0x000001c1c4549be0 Uncommon trap: reason=profile_predicate action=maybe_recompile pc=0x000001c199d5f0d0 method=java.util.LinkedHashMap.keysToArray([Ljava/lang/Object;)[Ljava/lang/Object; @ 12 c2
Event: 353.912 Thread 0x000001c1c4549be0 DEOPT PACKING pc=0x000001c199d5f0d0 sp=0x0000002cec6ef4d0
Event: 353.912 Thread 0x000001c1c4549be0 DEOPT UNPACKING pc=0x000001c1994a699d sp=0x0000002cec6ef488 mode 2
Event: 355.093 Thread 0x000001c1c4549be0 DEOPT PACKING pc=0x000001c189fdb534 sp=0x0000002cec6ef910
Event: 355.093 Thread 0x000001c1c4549be0 DEOPT UNPACKING pc=0x000001c1994a7124 sp=0x0000002cec6eee90 mode 0
Event: 355.758 Thread 0x000001c1c4549be0 Uncommon trap: trap_request=0xffffffdc fr.pc=0x000001c199d96fb4 relative=0x0000000000000294
Event: 355.758 Thread 0x000001c1c4549be0 Uncommon trap: reason=class_check action=make_not_entrant pc=0x000001c199d96fb4 method=java.util.ArrayList.toArray([Ljava/lang/Object;)[Ljava/lang/Object; @ 21 c2
Event: 355.758 Thread 0x000001c1c4549be0 DEOPT PACKING pc=0x000001c199d96fb4 sp=0x0000002cec6eea40
Event: 355.758 Thread 0x000001c1c4549be0 DEOPT UNPACKING pc=0x000001c1994a699d sp=0x0000002cec6eea10 mode 2
Event: 357.946 Thread 0x000001c1c4549be0 DEOPT PACKING pc=0x000001c189b7f7b3 sp=0x0000002cec6f5eb0
Event: 357.946 Thread 0x000001c1c4549be0 DEOPT UNPACKING pc=0x000001c1994a7124 sp=0x0000002cec6f53d0 mode 0
Event: 358.527 Thread 0x000001c1c4549be0 Uncommon trap: trap_request=0xffffffde fr.pc=0x000001c199cd567c relative=0x000000000000025c
Event: 358.527 Thread 0x000001c1c4549be0 Uncommon trap: reason=class_check action=maybe_recompile pc=0x000001c199cd567c method=java.util.stream.StreamOpFlag.fromCharacteristics(Ljava/util/Spliterator;)I @ 14 c2
Event: 358.527 Thread 0x000001c1c4549be0 DEOPT PACKING pc=0x000001c199cd567c sp=0x0000002cec6f61d0
Event: 358.527 Thread 0x000001c1c4549be0 DEOPT UNPACKING pc=0x000001c1994a699d sp=0x0000002cec6f60b8 mode 2
Event: 359.740 Thread 0x000001c1c4549be0 Uncommon trap: trap_request=0xffffffbe fr.pc=0x000001c199d746cc relative=0x000000000000070c
Event: 359.740 Thread 0x000001c1c4549be0 Uncommon trap: reason=profile_predicate action=maybe_recompile pc=0x000001c199d746cc method=java.lang.PublicMethods$MethodList.filter([Ljava/lang/reflect/Method;Ljava/lang/String;[Ljava/lang/Class;Z)Ljava/lang/PublicMethods$MethodList; @ 21 c2
Event: 359.740 Thread 0x000001c1c4549be0 DEOPT PACKING pc=0x000001c199d746cc sp=0x0000002cec6f4370
Event: 359.740 Thread 0x000001c1c4549be0 DEOPT UNPACKING pc=0x000001c1994a699d sp=0x0000002cec6f4328 mode 2

Classes loaded (20 events):
Event: 391.781 Loading class javax/net/ssl/X509TrustManager
Event: 391.806 Loading class javax/net/ssl/X509TrustManager done
Event: 392.159 Loading class javax/net/ssl/SSLPeerUnverifiedException
Event: 392.227 Loading class javax/net/ssl/SSLException
Event: 392.236 Loading class javax/net/ssl/SSLException done
Event: 392.293 Loading class javax/net/ssl/SSLPeerUnverifiedException done
Event: 392.293 Loading class javax/naming/NamingException
Event: 392.414 Loading class javax/naming/NamingException done
Event: 392.414 Loading class javax/naming/InvalidNameException
Event: 392.431 Loading class javax/naming/InvalidNameException done
Event: 392.497 Loading class java/security/cert/CertificateParsingException
Event: 392.681 Loading class java/security/cert/CertificateException
Event: 392.691 Loading class java/security/cert/CertificateException done
Event: 392.691 Loading class java/security/cert/CertificateParsingException done
Event: 407.852 Loading class java/nio/file/Path$1
Event: 407.888 Loading class java/nio/file/Path$1 done
Event: 417.814 Loading class java/util/concurrent/atomic/AtomicMarkableReference
Event: 417.846 Loading class java/util/concurrent/atomic/AtomicMarkableReference done
Event: 417.852 Loading class java/util/concurrent/atomic/AtomicMarkableReference$Pair
Event: 417.855 Loading class java/util/concurrent/atomic/AtomicMarkableReference$Pair done

Classes unloaded (0 events):
No events

Classes redefined (0 events):
No events

Internal exceptions (20 events):
Event: 351.334 Thread 0x000001c1c4549be0 Exception <a 'java/lang/NoSuchMethodError'{0x000000060fb09fe0}: 'long java.lang.invoke.DirectMethodHandle$Holder.invokeVirtual(java.lang.Object, java.lang.Object)'> (0x000000060fb09fe0) 
thrown [s\src\hotspot\share\interpreter\linkResolver.cpp, line 759]
Event: 351.334 Thread 0x000001c1c4549be0 Exception <a 'java/lang/NoSuchMethodError'{0x000000060fb10a40}: 'float java.lang.invoke.DirectMethodHandle$Holder.invokeVirtual(java.lang.Object, java.lang.Object)'> (0x000000060fb10a40) 
thrown [s\src\hotspot\share\interpreter\linkResolver.cpp, line 759]
Event: 351.334 Thread 0x000001c1c4549be0 Exception <a 'java/lang/NoSuchMethodError'{0x000000060fb16390}: 'double java.lang.invoke.DirectMethodHandle$Holder.invokeVirtual(java.lang.Object, java.lang.Object)'> (0x000000060fb16390) 
thrown [s\src\hotspot\share\interpreter\linkResolver.cpp, line 759]
Event: 351.387 Thread 0x000001c1c4549be0 Exception <a 'java/lang/NoSuchMethodError'{0x000000060fb1c1d8}: 'java.lang.Object java.lang.invoke.DirectMethodHandle$Holder.newInvokeSpecial(java.lang.Object, double)'> (0x000000060fb1c1d8) 
thrown [s\src\hotspot\share\interpreter\linkResolver.cpp, line 759]
Event: 351.405 Thread 0x000001c1c4549be0 Exception <a 'java/lang/NoSuchMethodError'{0x000000060fb24f10}: 'double java.lang.invoke.DelegatingMethodHandle$Holder.reinvoke_L(java.lang.Object, java.lang.Object)'> (0x000000060fb24f10) 
thrown [s\src\hotspot\share\interpreter\linkResolver.cpp, line 759]
Event: 351.676 Thread 0x000001c1c4549be0 Exception <a 'java/lang/NoSuchMethodError'{0x000000060fb92ad0}: 'int java.lang.invoke.DirectMethodHandle$Holder.invokeSpecial(java.lang.Object, java.lang.Object, java.lang.Object, java.lang.Object, java.lang.Object)'> (0x000000060fb92ad0) 
thrown [s\src\hotspot\share\interpreter\linkResolver.cpp, line 759]
Event: 351.925 Thread 0x000001c1c4549be0 Exception <a 'java/lang/ClassNotFoundException'{0x000000060f4313a0}: org/gradle/api/internal/plugins/DefaultObjectConfigurationActionBeanInfo> (0x000000060f4313a0) 
thrown [s\src\hotspot\share\classfile\systemDictionary.cpp, line 257]
Event: 351.927 Thread 0x000001c1c4549be0 Exception <a 'java/lang/ClassNotFoundException'{0x000000060f4506f8}: org/gradle/api/internal/plugins/DefaultObjectConfigurationActionCustomizer> (0x000000060f4506f8) 
thrown [s\src\hotspot\share\classfile\systemDictionary.cpp, line 257]
Event: 353.637 Thread 0x000001c1c4549be0 Exception <a 'java/lang/NoSuchMethodError'{0x000000060f0479b0}: 'long java.lang.invoke.DirectMethodHandle$Holder.invokeStatic(java.lang.Object, long)'> (0x000000060f0479b0) 
thrown [s\src\hotspot\share\interpreter\linkResolver.cpp, line 759]
Event: 355.804 Thread 0x000001c1c4549be0 Exception <a 'java/lang/ClassNotFoundException'{0x000000060eb4e340}: java/lang/StringBeanInfo> (0x000000060eb4e340) 
thrown [s\src\hotspot\share\classfile\systemDictionary.cpp, line 257]
Event: 356.174 Thread 0x000001c1c4549be0 Exception <a 'java/lang/ClassNotFoundException'{0x000000060eb5cb70}: java/lang/StringCustomizer> (0x000000060eb5cb70) 
thrown [s\src\hotspot\share\classfile\systemDictionary.cpp, line 257]
Event: 356.416 Thread 0x000001c1c4549be0 Exception <a 'java/lang/ClassNotFoundException'{0x000000060ebb2da0}: java/io/FileBeanInfo> (0x000000060ebb2da0) 
thrown [s\src\hotspot\share\classfile\systemDictionary.cpp, line 257]
Event: 356.430 Thread 0x000001c1c4549be0 Exception <a 'java/lang/ClassNotFoundException'{0x000000060ebc13b8}: java/io/FileCustomizer> (0x000000060ebc13b8) 
thrown [s\src\hotspot\share\classfile\systemDictionary.cpp, line 257]
Event: 357.613 Thread 0x000001c1c454c460 Exception <a 'java/lang/NoSuchMethodError'{0x000000060e51b278}: static Lorg/gradle/internal/build/event/types/DefaultProjectConfigurationDescriptor;.<clinit>()V> (0x000000060e51b278) 
thrown [s\src\hotspot\share\prims\jni.cpp, line 1112]
Event: 378.672 Thread 0x000001c1c4549be0 Exception <a 'java/lang/NoSuchMethodError'{0x000000060dedd6b0}: 'java.lang.Object java.lang.invoke.DirectMethodHandle$Holder.newInvokeSpecial(java.lang.Object, java.lang.Object, java.lang.Object, int, java.lang.Object)'> (0x000000060dedd6b0) 
thrown [s\src\hotspot\share\interpreter\linkResolver.cpp, line 759]
Event: 378.676 Thread 0x000001c1c4549be0 Exception <a 'java/lang/NoSuchMethodError'{0x000000060dee28e0}: 'java.lang.Object java.lang.invoke.Invokers$Holder.linkToTargetMethod(java.lang.Object, java.lang.Object, int, java.lang.Object, java.lang.Object)'> (0x000000060dee28e0) 
thrown [s\src\hotspot\share\interpreter\linkResolver.cpp, line 759]
Event: 380.991 Thread 0x000001c1c4549be0 Exception <a 'java/lang/NoSuchMethodError'{0x000000060d992870}: 'java.lang.Object java.lang.invoke.DirectMethodHandle$Holder.newInvokeSpecial(java.lang.Object, int, java.lang.Object)'> (0x000000060d992870) 
thrown [s\src\hotspot\share\interpreter\linkResolver.cpp, line 759]
Event: 407.594 Thread 0x000001c1c4549be0 Exception <a 'java/lang/NoSuchMethodError'{0x00000006103112e0}: 'int java.lang.invoke.DirectMethodHandle$Holder.invokeSpecialIFC(java.lang.Object, java.lang.Object, java.lang.Object)'> (0x00000006103112e0) 
thrown [s\src\hotspot\share\interpreter\linkResolver.cpp, line 759]
Event: 415.124 Thread 0x000001c1c4549be0 Exception <a 'java/lang/NoSuchMethodError'{0x00000006104730b8}: 'void java.lang.invoke.DirectMethodHandle$Holder.invokeStatic(java.lang.Object, java.lang.Object, java.lang.Object, int, java.lang.Object)'> (0x00000006104730b8) 
thrown [s\src\hotspot\share\interpreter\linkResolver.cpp, line 759]
Event: 416.653 Thread 0x000001c1c4549be0 Exception <a 'java/lang/NoSuchMethodError'{0x0000000610690580}: 'int java.lang.invoke.DirectMethodHandle$Holder.invokeInterface(java.lang.Object, java.lang.Object, java.lang.Object, java.lang.Object, java.lang.Object)'> (0x0000000610690580) 
thrown [s\src\hotspot\share\interpreter\linkResolver.cpp, line 759]

VM Operations (20 events):
Event: 404.593 Executing VM operation: Cleanup done
Event: 407.595 Executing VM operation: Cleanup
Event: 407.600 Executing VM operation: Cleanup done
Event: 408.884 Executing VM operation: G1CollectForAllocation
Event: 409.048 Executing VM operation: G1CollectForAllocation done
Event: 409.488 Executing VM operation: HandshakeAllThreads
Event: 409.488 Executing VM operation: HandshakeAllThreads done
Event: 410.488 Executing VM operation: Cleanup
Event: 410.488 Executing VM operation: Cleanup done
Event: 412.489 Executing VM operation: Cleanup
Event: 412.489 Executing VM operation: Cleanup done
Event: 414.494 Executing VM operation: Cleanup
Event: 414.547 Executing VM operation: Cleanup done
Event: 415.547 Executing VM operation: Cleanup
Event: 415.553 Executing VM operation: Cleanup done
Event: 416.553 Executing VM operation: Cleanup
Event: 416.553 Executing VM operation: Cleanup done
Event: 417.553 Executing VM operation: Cleanup
Event: 417.553 Executing VM operation: Cleanup done
Event: 417.886 Executing VM operation: G1CollectForAllocation

Memory protections (0 events):
No events

Nmethod flushes (20 events):
Event: 181.081 Thread 0x000001c1bf30bdc0 flushing  nmethod 0x000001c189de0790
Event: 181.082 Thread 0x000001c1bf30bdc0 flushing  nmethod 0x000001c189dffa10
Event: 181.082 Thread 0x000001c1bf30bdc0 flushing  nmethod 0x000001c189e2b190
Event: 181.082 Thread 0x000001c1bf30bdc0 flushing  nmethod 0x000001c189e2d110
Event: 181.082 Thread 0x000001c1bf30bdc0 flushing  nmethod 0x000001c189e32f10
Event: 181.082 Thread 0x000001c1bf30bdc0 flushing  nmethod 0x000001c189e36610
Event: 181.082 Thread 0x000001c1bf30bdc0 flushing  nmethod 0x000001c189e4e590
Event: 181.082 Thread 0x000001c1bf30bdc0 flushing  nmethod 0x000001c189e6af90
Event: 181.082 Thread 0x000001c1bf30bdc0 flushing  nmethod 0x000001c189ee6910
Event: 181.082 Thread 0x000001c1bf30bdc0 flushing  nmethod 0x000001c189ee9890
Event: 181.082 Thread 0x000001c1bf30bdc0 flushing  nmethod 0x000001c189ef7c90
Event: 181.082 Thread 0x000001c1bf30bdc0 flushing  nmethod 0x000001c189ef8790
Event: 181.082 Thread 0x000001c1bf30bdc0 flushing  nmethod 0x000001c189ef8c90
Event: 181.082 Thread 0x000001c1bf30bdc0 flushing  nmethod 0x000001c189f02910
Event: 181.082 Thread 0x000001c1bf30bdc0 flushing  nmethod 0x000001c189f21b90
Event: 181.082 Thread 0x000001c1bf30bdc0 flushing  nmethod 0x000001c189f8b890
Event: 181.082 Thread 0x000001c1bf30bdc0 flushing  nmethod 0x000001c189f8bd10
Event: 324.670 Thread 0x000001c1bf30bdc0 flushing  nmethod 0x000001c189a66f10
Event: 324.767 Thread 0x000001c1bf30bdc0 flushing  nmethod 0x000001c189c65e10
Event: 324.774 Thread 0x000001c1bf30bdc0 flushing  nmethod 0x000001c189d65690

Events (20 events):
Event: 125.622 Thread 0x000001c1c4549be0 Thread added: 0x000001c1c454ce80
Event: 125.687 Thread 0x000001c1c4549be0 Thread added: 0x000001c1c454b020
Event: 125.979 Thread 0x000001c1c4549be0 Thread added: 0x000001c1c454c460
Event: 131.231 Thread 0x000001c1c4549be0 Thread added: 0x000001c1c454b530
Event: 131.642 Thread 0x000001c1c4549be0 Thread added: 0x000001c1c45496d0
Event: 132.032 Thread 0x000001c1c4549be0 Thread added: 0x000001c1c454ba40
Event: 132.261 Thread 0x000001c1c45496d0 Thread added: 0x000001c1c454a600
Event: 142.212 Thread 0x000001c1c4549be0 Thread added: 0x000001c1c4d5ae40
Event: 142.368 Thread 0x000001c1c4549be0 Thread added: 0x000001c1c4d5b860
Event: 142.563 Thread 0x000001c1c45496d0 Thread added: 0x000001c1c4d5a930
Event: 144.784 Thread 0x000001c1c4549be0 Thread added: 0x000001c1c4d580b0
Event: 144.880 Thread 0x000001c1c4549be0 Thread added: 0x000001c1c4d585c0
Event: 145.630 Thread 0x000001c1c4549be0 Thread added: 0x000001c1c4d58ad0
Event: 145.630 Thread 0x000001c1c4549be0 Thread added: 0x000001c1c4d5b350
Event: 149.827 Thread 0x000001c1c4549be0 Thread added: 0x000001c1c4d594f0
Event: 150.411 Thread 0x000001c1c4549be0 Thread added: 0x000001c1c4d5a420
Event: 153.698 Thread 0x000001c1c4549be0 Thread added: 0x000001c1c4d59a00
Event: 155.037 Thread 0x000001c1c4549be0 Thread added: 0x000001c1c4d59f10
Event: 202.884 Thread 0x000001c1c454a600 Thread exited: 0x000001c1c454a600
Event: 303.587 Thread 0x000001c1c4549be0 Thread added: 0x000001c1c6e70970


Dynamic libraries:
0x00007ff7d5410000 - 0x00007ff7d541e000 	C:\Program Files\Eclipse Adoptium\jdk-17.0.20.101-hotspot\bin\java.exe
0x00007ffd799d0000 - 0x00007ffd79be8000 	C:\WINDOWS\SYSTEM32\ntdll.dll
0x00007ffd78570000 - 0x00007ffd78634000 	C:\WINDOWS\System32\KERNEL32.DLL
0x00007ffd77260000 - 0x00007ffd77633000 	C:\WINDOWS\System32\KERNELBASE.dll
0x00007ffd73420000 - 0x00007ffd734b7000 	C:\WINDOWS\SYSTEM32\apphelp.dll
0x00007ffd76d20000 - 0x00007ffd76e31000 	C:\WINDOWS\System32\ucrtbase.dll
0x00007ffd4ca10000 - 0x00007ffd4ca2e000 	C:\Program Files\Eclipse Adoptium\jdk-17.0.20.101-hotspot\bin\VCRUNTIME140.dll
0x00007ffd67ec0000 - 0x00007ffd67ed8000 	C:\Program Files\Eclipse Adoptium\jdk-17.0.20.101-hotspot\bin\jli.dll
0x00007ffd78260000 - 0x00007ffd78412000 	C:\WINDOWS\System32\USER32.dll
0x00007ffd77230000 - 0x00007ffd77256000 	C:\WINDOWS\System32\win32u.dll
0x00007ffd77c60000 - 0x00007ffd77c89000 	C:\WINDOWS\System32\GDI32.dll
0x00007ffd76b80000 - 0x00007ffd76c9b000 	C:\WINDOWS\System32\gdi32full.dll
0x00007ffd76ae0000 - 0x00007ffd76b7a000 	C:\WINDOWS\System32\msvcp_win.dll
0x00007ffd6aef0000 - 0x00007ffd6b18c000 	C:\WINDOWS\WinSxS\amd64_microsoft.windows.common-controls_6595b64144ccf1df_6.0.22621.6060_none_2712eda17382d24b\COMCTL32.dll
0x00007ffd79320000 - 0x00007ffd793c7000 	C:\WINDOWS\System32\msvcrt.dll
0x00007ffd779a0000 - 0x00007ffd779d1000 	C:\WINDOWS\System32\IMM32.DLL
0x00007ffd72900000 - 0x00007ffd7290c000 	C:\Program Files\Eclipse Adoptium\jdk-17.0.20.101-hotspot\bin\vcruntime140_1.dll
0x00007ffd40490000 - 0x00007ffd4051d000 	C:\Program Files\Eclipse Adoptium\jdk-17.0.20.101-hotspot\bin\msvcp140.dll
0x00007ffcda6e0000 - 0x00007ffcdb34c000 	C:\Program Files\Eclipse Adoptium\jdk-17.0.20.101-hotspot\bin\server\jvm.dll
0x00007ffd776f0000 - 0x00007ffd777a1000 	C:\WINDOWS\System32\ADVAPI32.dll
0x00007ffd77800000 - 0x00007ffd778a8000 	C:\WINDOWS\System32\sechost.dll
0x00007ffd77640000 - 0x00007ffd77668000 	C:\WINDOWS\System32\bcrypt.dll
0x00007ffd77b40000 - 0x00007ffd77c58000 	C:\WINDOWS\System32\RPCRT4.dll
0x00007ffd77920000 - 0x00007ffd77991000 	C:\WINDOWS\System32\WS2_32.dll
0x00007ffd76900000 - 0x00007ffd7694d000 	C:\WINDOWS\SYSTEM32\POWRPROF.dll
0x00007ffd70be0000 - 0x00007ffd70c14000 	C:\WINDOWS\SYSTEM32\WINMM.dll
0x00007ffd735e0000 - 0x00007ffd735ea000 	C:\WINDOWS\SYSTEM32\VERSION.dll
0x00007ffd767e0000 - 0x00007ffd767f3000 	C:\WINDOWS\SYSTEM32\UMPDC.dll
0x00007ffd75a80000 - 0x00007ffd75a98000 	C:\WINDOWS\SYSTEM32\kernel.appcore.dll
0x00007ffd4f9a0000 - 0x00007ffd4f9aa000 	C:\Program Files\Eclipse Adoptium\jdk-17.0.20.101-hotspot\bin\jimage.dll
0x00007ffd74440000 - 0x00007ffd74673000 	C:\WINDOWS\SYSTEM32\DBGHELP.DLL
0x00007ffd77c90000 - 0x00007ffd78021000 	C:\WINDOWS\System32\combase.dll
0x00007ffd78490000 - 0x00007ffd78568000 	C:\WINDOWS\System32\OLEAUT32.dll
0x00007ffd67ee0000 - 0x00007ffd67f12000 	C:\WINDOWS\SYSTEM32\dbgcore.DLL
0x00007ffd76f80000 - 0x00007ffd76ffb000 	C:\WINDOWS\System32\bcryptPrimitives.dll
0x00007ffd4e690000 - 0x00007ffd4e69e000 	C:\Program Files\Eclipse Adoptium\jdk-17.0.20.101-hotspot\bin\instrument.dll
0x00007ffd427d0000 - 0x00007ffd427f5000 	C:\Program Files\Eclipse Adoptium\jdk-17.0.20.101-hotspot\bin\java.dll
0x00007ffd30950000 - 0x00007ffd30a27000 	C:\Program Files\Eclipse Adoptium\jdk-17.0.20.101-hotspot\bin\jsvml.dll
0x00007ffd78750000 - 0x00007ffd78fec000 	C:\WINDOWS\System32\SHELL32.dll
0x00007ffd76e40000 - 0x00007ffd76f7f000 	C:\WINDOWS\System32\wintypes.dll
0x00007ffd74990000 - 0x00007ffd752aa000 	C:\WINDOWS\SYSTEM32\windows.storage.dll
0x00007ffd793d0000 - 0x00007ffd794d4000 	C:\WINDOWS\System32\SHCORE.dll
0x00007ffd77670000 - 0x00007ffd776d9000 	C:\WINDOWS\System32\shlwapi.dll
0x00007ffd76a10000 - 0x00007ffd76a35000 	C:\WINDOWS\SYSTEM32\profapi.dll
0x00007ffd4c840000 - 0x00007ffd4c858000 	C:\Program Files\Eclipse Adoptium\jdk-17.0.20.101-hotspot\bin\zip.dll
0x00007ffd4a240000 - 0x00007ffd4a25a000 	C:\Program Files\Eclipse Adoptium\jdk-17.0.20.101-hotspot\bin\net.dll
0x00007ffd707f0000 - 0x00007ffd7091c000 	C:\WINDOWS\SYSTEM32\WINHTTP.dll
0x00007ffd75f50000 - 0x00007ffd75fb9000 	C:\WINDOWS\system32\mswsock.dll
0x00007ffd491c0000 - 0x00007ffd491d6000 	C:\Program Files\Eclipse Adoptium\jdk-17.0.20.101-hotspot\bin\nio.dll
0x00007ffd72920000 - 0x00007ffd72930000 	C:\Program Files\Eclipse Adoptium\jdk-17.0.20.101-hotspot\bin\verify.dll
0x00007ffd448b0000 - 0x00007ffd448d7000 	C:\Users\alexa\.gradle\native\660c5614fbf4a5f2a75b1949f50a0caf5cd603558e7d8a26e50b933a0cfb79d1\windows-amd64\native-platform.dll
0x00007ffd407d0000 - 0x00007ffd40847000 	C:\Users\alexa\.gradle\native\0.2.8\x86_64-windows-gnu\gradle-fileevents.dll
0x00007ffd4c8d0000 - 0x00007ffd4c8da000 	C:\Program Files\Eclipse Adoptium\jdk-17.0.20.101-hotspot\bin\management.dll
0x00007ffd4c450000 - 0x00007ffd4c45c000 	C:\Program Files\Eclipse Adoptium\jdk-17.0.20.101-hotspot\bin\management_ext.dll
0x00007ffd791d0000 - 0x00007ffd791d8000 	C:\WINDOWS\System32\PSAPI.DLL
0x00007ffd75510000 - 0x00007ffd7553d000 	C:\WINDOWS\SYSTEM32\IPHLPAPI.DLL
0x00007ffd776e0000 - 0x00007ffd776e9000 	C:\WINDOWS\System32\NSI.dll
0x00007ffd70530000 - 0x00007ffd70549000 	C:\WINDOWS\SYSTEM32\dhcpcsvc6.DLL
0x00007ffd70350000 - 0x00007ffd7036f000 	C:\WINDOWS\SYSTEM32\dhcpcsvc.DLL
0x00007ffd75580000 - 0x00007ffd75678000 	C:\WINDOWS\SYSTEM32\DNSAPI.dll
0x00007ffd49280000 - 0x00007ffd49289000 	C:\Program Files\Eclipse Adoptium\jdk-17.0.20.101-hotspot\bin\extnet.dll
0x00007ffd76180000 - 0x00007ffd7619b000 	C:\WINDOWS\SYSTEM32\CRYPTSP.dll
0x00007ffd759e0000 - 0x00007ffd75a17000 	C:\WINDOWS\system32\rsaenh.dll
0x00007ffd76010000 - 0x00007ffd76038000 	C:\WINDOWS\SYSTEM32\USERENV.dll
0x00007ffd761c0000 - 0x00007ffd761cc000 	C:\WINDOWS\SYSTEM32\CRYPTBASE.dll
0x00007ffd490d0000 - 0x00007ffd490de000 	C:\Program Files\Eclipse Adoptium\jdk-17.0.20.101-hotspot\bin\sunmscapi.dll
0x00007ffd77000000 - 0x00007ffd77168000 	C:\WINDOWS\System32\CRYPT32.dll
0x00007ffd763b0000 - 0x00007ffd763de000 	C:\WINDOWS\SYSTEM32\ncrypt.dll
0x00007ffd76370000 - 0x00007ffd763a7000 	C:\WINDOWS\SYSTEM32\NTASN1.dll
0x00007ffd72910000 - 0x00007ffd72918000 	C:\WINDOWS\system32\wshunix.dll
0x00007ffd75b90000 - 0x00007ffd75bc4000 	C:\WINDOWS\SYSTEM32\ntmarta.dll

dbghelp: loaded successfully - version: 4.0.5 - missing functions: none
symbol engine: initialized successfully - sym options: 0x614 - pdb path: .;C:\Program Files\Eclipse Adoptium\jdk-17.0.20.101-hotspot\bin;C:\WINDOWS\SYSTEM32;C:\WINDOWS\WinSxS\amd64_microsoft.windows.common-controls_6595b64144ccf1df_6.0.22621.6060_none_2712eda17382d24b;C:\Program Files\Eclipse Adoptium\jdk-17.0.20.101-hotspot\bin\server;C:\Users\alexa\.gradle\native\660c5614fbf4a5f2a75b1949f50a0caf5cd603558e7d8a26e50b933a0cfb79d1\windows-amd64;C:\Users\alexa\.gradle\native\0.2.8\x86_64-windows-gnu

VM Arguments:
jvm_args: --add-opens=java.base/java.lang=ALL-UNNAMED --add-opens=java.base/java.lang.invoke=ALL-UNNAMED --add-opens=java.base/java.util=ALL-UNNAMED --add-opens=java.prefs/java.util.prefs=ALL-UNNAMED --add-exports=jdk.compiler/com.sun.tools.javac.api=ALL-UNNAMED --add-exports=jdk.compiler/com.sun.tools.javac.util=ALL-UNNAMED --add-opens=java.base/java.util=ALL-UNNAMED --add-opens=java.prefs/java.util.prefs=ALL-UNNAMED --add-opens=java.base/java.nio.charset=ALL-UNNAMED --add-opens=java.base/java.net=ALL-UNNAMED --add-opens=java.base/java.util.concurrent=ALL-UNNAMED --add-opens=java.base/java.util.concurrent.atomic=ALL-UNNAMED --add-opens=java.xml/javax.xml.namespace=ALL-UNNAMED --add-opens=java.base/java.time=ALL-UNNAMED -XX:MaxMetaspaceSize=4G -XX:ReservedCodeCacheSize=512m -XX:+HeapDumpOnOutOfMemoryError -Xmx8G -Dfile.encoding=UTF-8 -Duser.country=FR -Duser.language=fr -Duser.variant -javaagent:C:\Users\alexa\.gradle\wrapper\dists\gradle-9.3.1-all\9ot9r568e8zfvvd4mn8rbu1j0\gradle-9.3.1\lib\agents\gradle-instrumentation-agent-9.3.1.jar 
java_command: org.gradle.launcher.daemon.bootstrap.GradleDaemon 9.3.1
java_class_path (initial): C:\Users\alexa\.gradle\wrapper\dists\gradle-9.3.1-all\9ot9r568e8zfvvd4mn8rbu1j0\gradle-9.3.1\lib\gradle-daemon-main-9.3.1.jar
Launcher Type: SUN_STANDARD

[Global flags]
     intx CICompilerCount                          = 2                                         {product} {ergonomic}
     uint ConcGCThreads                            = 1                                         {product} {ergonomic}
     uint G1ConcRefinementThreads                  = 2                                         {product} {ergonomic}
   size_t G1HeapRegionSize                         = 4194304                                   {product} {ergonomic}
    uintx GCDrainStackTargetSize                   = 64                                        {product} {ergonomic}
     bool HeapDumpOnOutOfMemoryError               = true                                   {manageable} {command line}
   size_t InitialHeapSize                          = 67108864                                  {product} {ergonomic}
   size_t MarkStackSize                            = 4194304                                   {product} {ergonomic}
   size_t MaxHeapSize                              = 8589934592                                {product} {command line}
   size_t MaxMetaspaceSize                         = 4294967296                                {product} {command line}
   size_t MaxNewSize                               = 5150605312                                {product} {ergonomic}
   size_t MinHeapDeltaBytes                        = 4194304                                   {product} {ergonomic}
   size_t MinHeapSize                              = 8388608                                   {product} {ergonomic}
    uintx NonNMethodCodeHeapSize                   = 5826188                                {pd product} {ergonomic}
    uintx NonProfiledCodeHeapSize                  = 265522362                              {pd product} {ergonomic}
    uintx ProfiledCodeHeapSize                     = 265522362                              {pd product} {ergonomic}
    uintx ReservedCodeCacheSize                    = 536870912                              {pd product} {command line}
     bool SegmentedCodeCache                       = true                                      {product} {ergonomic}
   size_t SoftMaxHeapSize                          = 8589934592                             {manageable} {ergonomic}
   double SweeperThreshold                         = 0.234375                                  {product} {ergonomic}
     bool UseCompressedClassPointers               = true                           {product lp64_product} {ergonomic}
     bool UseCompressedOops                        = true                           {product lp64_product} {ergonomic}
     bool UseG1GC                                  = true                                      {product} {ergonomic}
     bool UseLargePagesIndividualAllocation        = false                                  {pd product} {ergonomic}

Logging:
Log output configuration:
 #0: stdout all=warning uptime,level,tags
 #1: stderr all=off uptime,level,tags

Environment Variables:
PATH=C:\Program Files\Eclipse Adoptium\jdk-17.0.20.101-hotspot\bin;C:\Python314\Scripts\;C:\Python314\;C:\Program Files\Eclipse Adoptium\jdk-8.0.482.8-hotspot\bin;C:\Program Files (x86)\Common Files\Oracle\Java\java8path;C:\Program Files (x86)\Common Files\Oracle\Java\javapath;C:\Program Files (x86)\VMware\VMware Workstation\bin\;C:\WINDOWS\system32;C:\WINDOWS;C:\WINDOWS\System32\Wbem;C:\WINDOWS\System32\WindowsPowerShell\v1.0\;C:\WINDOWS\System32\OpenSSH\;C:\Program Files (x86)\Microsoft SQL Server\170\Tools\Binn\;C:\Program Files\Microsoft SQL Server\170\Tools\Binn\;C:\Program Files\Microsoft SQL Server\Client SDK\ODBC\180\Tools\Binn\;C:\Program Files\Microsoft SQL Server\170\DTS\Binn\;C:\Program Files\Microsoft SQL Server\Client SDK\ODBC\170\Tools\Binn\;C:\Program Files (x86)\Microsoft SQL Server\150\Tools\Binn\;C:\Program Files\Microsoft SQL Server\150\Tools\Binn\;C:\Program Files\Microsoft SQL Server\150\DTS\Binn\;C:\Program Files\PuTTY\;C:\Program Files (x86)\dotnet\;C:\Program Files\nodejs\;C:\ProgramData\chocolatey\bin;C:\Program Files\Git\cmd;C:\Users\alexa\AppData\Local\Microsoft\WindowsApps;C:\Users\alexa\AppData\Local\Programs\Microsoft VS Code\bin;C:\Users\alexa\AppData\Roaming\npm;C:\src\flutter\bin;
USERNAME=alexa
OS=Windows_NT
PROCESSOR_IDENTIFIER=Intel64 Family 6 Model 156 Stepping 0, GenuineIntel
TMP=C:\Users\alexa\AppData\Local\Temp
TEMP=C:\Users\alexa\AppData\Local\Temp



Periodic native trim disabled


---------------  S Y S T E M  ---------------

OS:
 Windows 11 , 64 bit Build 22621 (10.0.22621.5415)
OS uptime: 3 days 5:17 hours
Hyper-V role detected

CPU: total 2 (initial active 2) (2 cores per cpu, 1 threads per core) family 6 model 156 stepping 0 microcode 0x24000026, cx8, cmov, fxsr, mmx, 3dnowpref, sse, sse2, sse3, ssse3, sse4.1, sse4.2, popcnt, tsc, tscinvbit, aes, erms, clmul, sha, clflush, clflushopt, clwb, hv
Processor Information for all 2 processors :
  Max Mhz: 1114, Current Mhz: 1114, Mhz Limit: 1114

Memory: 4k page, system-wide physical 3905M (475M free)
TotalPageFile size 15681M (AvailPageFile size 76M)
current process WorkingSet (physical memory assigned to process): 148M, peak: 189M
current process commit charge ("private bytes"): 467M, peak: 735M

vm_info: OpenJDK 64-Bit Server VM (17.0.20.1+1) for windows-amd64 JRE (17.0.20.1+1), built on Aug 18 2026 20:44:09 by "admin" with MS VC++ 17.12 (VS2022)

END.
