#
# There is insufficient memory for the Java Runtime Environment to continue.
# Native memory allocation (malloc) failed to allocate 960448 bytes. Error detail: Chunk::new
# Possible reasons:
#   The system is out of physical RAM or swap space
#   This process is running with CompressedOops enabled, and the Java Heap may be blocking the growth of the native heap
# Possible solutions:
#   Reduce memory load on the system
#   Increase physical memory or swap space
#   Check if swap backing store is full
#   Decrease Java heap size (-Xmx/-Xms)
#   Decrease number of Java threads
#   Decrease Java thread stack sizes (-Xss)
#   Set larger code cache with -XX:ReservedCodeCacheSize=
#   JVM is running with Unscaled Compressed Oops mode in which the Java heap is
#     placed in the first 4GB address space. The Java Heap base address is the
#     maximum limit for the native heap growth. Please use -XX:HeapBaseMinAddress
#     to set the Java Heap base and to place the Java Heap above 4GB virtual address.
# This output file may be truncated or incomplete.
#
#  Out of Memory Error (arena.cpp:191), pid=18972, tid=18792
#
# JRE version: OpenJDK Runtime Environment Temurin-17.0.20.1+1 (17.0.20.1+1) (build 17.0.20.1+1)
# Java VM: OpenJDK 64-Bit Server VM Temurin-17.0.20.1+1 (17.0.20.1+1, mixed mode, sharing, tiered, compressed oops, compressed class ptrs, g1 gc, windows-amd64)
# No core dump will be written. Minidumps are not enabled by default on client versions of Windows
#

---------------  S U M M A R Y ------------

Command Line: -Dorg.gradle.appname=gradlew org.gradle.wrapper.GradleWrapperMain -q -Ptarget-platform=android-arm,android-arm64,android-x64 -Ptarget=lib\main.dart -Pbase-application-name=android.app.Application -Pdart-defines=RkxVVFRFUl9CVUlMRF9OQU1FPTEuMC4w,RkxVVFRFUl9CVUlMRF9OVU1CRVI9MQ==,RkxVVFRFUl9WRVJTSU9OPTMuNDcuMg==,RkxVVFRFUl9DSEFOTkVMPXN0YWJsZQ==,RkxVVFRFUl9HSVRfVVJMPWh0dHBzOi8vZ2l0aHViLmNvbS9mbHV0dGVyL2ZsdXR0ZXIuZ2l0,RkxVVFRFUl9GUkFNRVdPUktfUkVWSVNJT049ZDNiMTRjODc2OQ==,RkxVVFRFUl9FTkdJTkVfUkVWSVNJT049YTgwNGIyNjE2NA==,RkxVVFRFUl9EQVJUX1ZFUlNJT049My4xMy4y -Pdart-obfuscation=false -Ptrack-widget-creation=true -Ptree-shake-icons=true -Pflutter.androidSdkRoot=C:\Android -Pflutter.installedNdkVersions=28.2.13676358 -Pflutter.sdkManagerPath=C:\Android\cmdline-tools\latest\bin\sdkmanager.bat assembleRelease

Host: Intel(R) Celeron(R) N4500 @ 1.10GHz, 2 cores, 3G,  Windows 11 , 64 bit Build 22621 (10.0.22621.5415)
Time: Mon Sep 21 20:31:52 2026 Paris, Madrid (heure duild 22621 (10.0.22621.5415) elapsed time: 610.439661 seconds (0d 0h 10m 10s)

---------------  T H R E A D  ---------------

Current thread (0x0000029963e4b890):  JavaThread "C2 CompilerThread0" daemon [_thread_in_native, id=18792, stack(0x000000eff3600000,0x000000eff3700000)]


Current CompileTask:
C2:610441 1809       4       org.gradle.internal.logging.sink.OutputEventTransformer::onOutput (369 bytes)

Stack: [0x000000eff3600000,0x000000eff3700000]
Native frames: (J=compiled Java code, j=interpreted, Vv=VM code, C=native code)
V  [jvm.dll+0x684d39]
V  [jvm.dll+0x83a565]
V  [jvm.dll+0x83bfde]
V  [jvm.dll+0x83c663]
V  [jvm.dll+0x2490cf]
V  [jvm.dll+0xad536]
V  [jvm.dll+0xadbdc]
V  [jvm.dll+0x368dbe]
V  [jvm.dll+0x333215]
V  [jvm.dll+0x33267a]
V  [jvm.dll+0x219ed9]
V  [jvm.dll+0x21931f]
V  [jvm.dll+0x1a49e0]
V  [jvm.dll+0x229a6a]
V  [jvm.dll+0x227c1b]
V  [jvm.dll+0x7f0d18]
V  [jvm.dll+0x7eb17c]
V  [jvm.dll+0x683c07]
C  [ucrtbase.dll+0x29333]
C  [KERNEL32.DLL+0x1259d]
C  [ntdll.dll+0x5af78]


---------------  P R O C E S S  ---------------

Threads class SMR info:
_java_thread_list=0x00000299683a0010, length=13, elements={
0x0000029946eae610, 0x0000029946f5e440, 0x0000029963e2fa40, 0x0000029963e46c50,
0x0000029963e47810, 0x0000029963e4a1e0, 0x0000029963e4aba0, 0x0000029963e4b890,
0x0000029963e4e350, 0x0000029963ec0f70, 0x00000299681b9210, 0x00000299681bff70,
0x0000029968f00170
}

Java Threads: ( => current thread )
  0x0000029946eae610 JavaThread "main" [_thread_in_native, id=15656, stack(0x000000eff2800000,0x000000eff2900000)]
  0x0000029946f5e440 JavaThread "Reference Handler" daemon [_thread_blocked, id=14804, stack(0x000000eff3000000,0x000000eff3100000)]
  0x0000029963e2fa40 JavaThread "Finalizer" daemon [_thread_blocked, id=12824, stack(0x000000eff3100000,0x000000eff3200000)]
  0x0000029963e46c50 JavaThread "Signal Dispatcher" daemon [_thread_blocked, id=8872, stack(0x000000eff3200000,0x000000eff3300000)]
  0x0000029963e47810 JavaThread "Attach Listener" daemon [_thread_blocked, id=20308, stack(0x000000eff3300000,0x000000eff3400000)]
  0x0000029963e4a1e0 JavaThread "Service Thread" daemon [_thread_blocked, id=8588, stack(0x000000eff3400000,0x000000eff3500000)]
  0x0000029963e4aba0 JavaThread "Monitor Deflation Thread" daemon [_thread_blocked, id=16892, stack(0x000000eff3500000,0x000000eff3600000)]
=>0x0000029963e4b890 JavaThread "C2 CompilerThread0" daemon [_thread_in_native, id=18792, stack(0x000000eff3600000,0x000000eff3700000)]
  0x0000029963e4e350 JavaThread "C1 CompilerThread0" daemon [_thread_blocked, id=17568, stack(0x000000eff3700000,0x000000eff3800000)]
  0x0000029963ec0f70 JavaThread "Sweeper thread" daemon [_thread_blocked, id=20448, stack(0x000000eff3800000,0x000000eff3900000)]
  0x00000299681b9210 JavaThread "Notification Thread" daemon [_thread_blocked, id=18180, stack(0x000000eff3900000,0x000000eff3a00000)]
  0x00000299681bff70 JavaThread "Common-Cleaner" daemon [_thread_blocked, id=4548, stack(0x000000eff3b00000,0x000000eff3c00000)]
  0x0000029968f00170 JavaThread "pool-1-thread-1" [_thread_blocked, id=11988, stack(0x000000eff3d00000,0x000000eff3e00000)]

Other Threads:
  0x0000029946f5a610 VMThread "VM Thread" [stack: 0x000000eff2f00000,0x000000eff3000000] [id=5832]
  0x00000299681bfb20 WatcherThread [stack: 0x000000eff3a00000,0x000000eff3b00000] [id=7396]
  0x0000029946ee8a50 GCTaskThread "GC Thread#0" [stack: 0x000000eff2a00000,0x000000eff2b00000] [id=14952]
  0x000002996837a1f0 GCTaskThread "GC Thread#1" [stack: 0x000000eff3c00000,0x000000eff3d00000] [id=17540]
  0x0000029946ef23f0 ConcurrentGCThread "G1 Main Marker" [stack: 0x000000eff2b00000,0x000000eff2c00000] [id=12580]
  0x0000029946ef3e20 ConcurrentGCThread "G1 Conc#0" [stack: 0x000000eff2c00000,0x000000eff2d00000] [id=10912]
  0x0000029946f26ab0 ConcurrentGCThread "G1 Refine#0" [stack: 0x000000eff2d00000,0x000000eff2e00000] [id=8992]
  0x0000029946f274e0 ConcurrentGCThread "G1 Service" [stack: 0x000000eff2e00000,0x000000eff2f00000] [id=16080]

Threads with active compile tasks:
C2 CompilerThread0  610619 1809       4       org.gradle.internal.logging.sink.OutputEventTransformer::onOutput (369 bytes)

VM state: not at safepoint (normal execution)

VM Mutex/Monitor currently owned by a thread: None

Heap address: 0x00000000c2e00000, size: 978 MB, Compressed Oops mode: 32-bit

CDS archive(s) mapped at: [0x0000029900000000-0x0000029900bb0000-0x0000029900bb0000), size 12255232, SharedBaseAddress: 0x0000029900000000, ArchiveRelocationMode: 1.
Compressed class space mapped at: 0x0000029901000000-0x0000029941000000, reserved size: 1073741824
Narrow klass base: 0x0000029900000000, Narrow klass shift: 0, Narrow klass range: 0x100000000

GC Precious Log:
 CPUs: 2 total, 2 available
 Memory: 3905M
 Large Page Support: Disabled
 NUMA Support: Disabled
 Compressed Oops: Enabled (32-bit)
 Heap Region Size: 1M
 Heap Min Capacity: 8M
 Heap Initial Capacity: 62M
 Heap Max Capacity: 978M
 Pre-touch: Disabled
 Parallel Workers: 2
 Concurrent Workers: 1
 Concurrent Refinement Workers: 2
 Periodic GC: Disabled

Heap:
 garbage-first heap   total 63488K, used 17797K [0x00000000c2e00000, 0x0000000100000000)
  region size 1024K, 11 young (11264K), 5 survivors (5120K)
 Metaspace       used 9896K, committed 10112K, reserved 1114112K
  class space    used 1276K, committed 1408K, reserved 1048576K

Heap Regions: E=young(eden), S=young(survivor), O=old, HS=humongous(starts), HC=humongous(continues), CS=collection set, F=free, OA=open archive, CA=closed archive, TAMS=top-at-mark-start (previous, next)
|   0|0x00000000c2e00000, 0x00000000c2f00000, 0x00000000c2f00000|100%| O|  |TAMS 0x00000000c2e00000, 0x00000000c2e00000| Untracked 
|   1|0x00000000c2f00000, 0x00000000c3000000, 0x00000000c3000000|100%| O|  |TAMS 0x00000000c2f00000, 0x00000000c2f00000| Untracked 
|   2|0x00000000c3000000, 0x00000000c3100000, 0x00000000c3100000|100%|HS|  |TAMS 0x00000000c3000000, 0x00000000c3000000| Complete 
|   3|0x00000000c3100000, 0x00000000c3200000, 0x00000000c3200000|100%|HC|  |TAMS 0x00000000c3100000, 0x00000000c3100000| Complete 
|   4|0x00000000c3200000, 0x00000000c3300000, 0x00000000c3300000|100%|HC|  |TAMS 0x00000000c3200000, 0x00000000c3200000| Complete 
|   5|0x00000000c3300000, 0x00000000c3400000, 0x00000000c3400000|100%|HC|  |TAMS 0x00000000c3300000, 0x00000000c3300000| Complete 
|   6|0x00000000c3400000, 0x00000000c3500000, 0x00000000c3500000|100%| O|  |TAMS 0x00000000c3400000, 0x00000000c3400000| Untracked 
|   7|0x00000000c3500000, 0x00000000c3561600, 0x00000000c3600000| 38%| O|  |TAMS 0x00000000c3500000, 0x00000000c3500000| Untracked 
|   8|0x00000000c3600000, 0x00000000c3600000, 0x00000000c3700000|  0%| F|  |TAMS 0x00000000c3600000, 0x00000000c3600000| Untracked 
|   9|0x00000000c3700000, 0x00000000c3700000, 0x00000000c3800000|  0%| F|  |TAMS 0x00000000c3700000, 0x00000000c3700000| Untracked 
|  10|0x00000000c3800000, 0x00000000c3800000, 0x00000000c3900000|  0%| F|  |TAMS 0x00000000c3800000, 0x00000000c3800000| Untracked 
|  11|0x00000000c3900000, 0x00000000c3900000, 0x00000000c3a00000|  0%| F|  |TAMS 0x00000000c3900000, 0x00000000c3900000| Untracked 
|  12|0x00000000c3a00000, 0x00000000c3a00000, 0x00000000c3b00000|  0%| F|  |TAMS 0x00000000c3a00000, 0x00000000c3a00000| Untracked 
|  13|0x00000000c3b00000, 0x00000000c3b00000, 0x00000000c3c00000|  0%| F|  |TAMS 0x00000000c3b00000, 0x00000000c3b00000| Untracked 
|  14|0x00000000c3c00000, 0x00000000c3c00000, 0x00000000c3d00000|  0%| F|  |TAMS 0x00000000c3c00000, 0x00000000c3c00000| Untracked 
|  15|0x00000000c3d00000, 0x00000000c3d00000, 0x00000000c3e00000|  0%| F|  |TAMS 0x00000000c3d00000, 0x00000000c3d00000| Untracked 
|  16|0x00000000c3e00000, 0x00000000c3e00000, 0x00000000c3f00000|  0%| F|  |TAMS 0x00000000c3e00000, 0x00000000c3e00000| Untracked 
|  17|0x00000000c3f00000, 0x00000000c3f00000, 0x00000000c4000000|  0%| F|  |TAMS 0x00000000c3f00000, 0x00000000c3f00000| Untracked 
|  18|0x00000000c4000000, 0x00000000c4000000, 0x00000000c4100000|  0%| F|  |TAMS 0x00000000c4000000, 0x00000000c4000000| Untracked 
|  19|0x00000000c4100000, 0x00000000c4100000, 0x00000000c4200000|  0%| F|  |TAMS 0x00000000c4100000, 0x00000000c4100000| Untracked 
|  20|0x00000000c4200000, 0x00000000c4300000, 0x00000000c4300000|100%| S|CS|TAMS 0x00000000c4200000, 0x00000000c4200000| Complete 
|  21|0x00000000c4300000, 0x00000000c4400000, 0x00000000c4400000|100%| S|CS|TAMS 0x00000000c4300000, 0x00000000c4300000| Complete 
|  22|0x00000000c4400000, 0x00000000c4500000, 0x00000000c4500000|100%| S|CS|TAMS 0x00000000c4400000, 0x00000000c4400000| Complete 
|  23|0x00000000c4500000, 0x00000000c4600000, 0x00000000c4600000|100%| S|CS|TAMS 0x00000000c4500000, 0x00000000c4500000| Complete 
|  24|0x00000000c4600000, 0x00000000c4700000, 0x00000000c4700000|100%| S|CS|TAMS 0x00000000c4600000, 0x00000000c4600000| Complete 
|  25|0x00000000c4700000, 0x00000000c4700000, 0x00000000c4800000|  0%| F|  |TAMS 0x00000000c4700000, 0x00000000c4700000| Untracked 
|  26|0x00000000c4800000, 0x00000000c4800000, 0x00000000c4900000|  0%| F|  |TAMS 0x00000000c4800000, 0x00000000c4800000| Untracked 
|  27|0x00000000c4900000, 0x00000000c4900000, 0x00000000c4a00000|  0%| F|  |TAMS 0x00000000c4900000, 0x00000000c4900000| Untracked 
|  28|0x00000000c4a00000, 0x00000000c4a00000, 0x00000000c4b00000|  0%| F|  |TAMS 0x00000000c4a00000, 0x00000000c4a00000| Untracked 
|  29|0x00000000c4b00000, 0x00000000c4b00000, 0x00000000c4c00000|  0%| F|  |TAMS 0x00000000c4b00000, 0x00000000c4b00000| Untracked 
|  30|0x00000000c4c00000, 0x00000000c4c00000, 0x00000000c4d00000|  0%| F|  |TAMS 0x00000000c4c00000, 0x00000000c4c00000| Untracked 
|  31|0x00000000c4d00000, 0x00000000c4d00000, 0x00000000c4e00000|  0%| F|  |TAMS 0x00000000c4d00000, 0x00000000c4d00000| Untracked 
|  32|0x00000000c4e00000, 0x00000000c4e00000, 0x00000000c4f00000|  0%| F|  |TAMS 0x00000000c4e00000, 0x00000000c4e00000| Untracked 
|  33|0x00000000c4f00000, 0x00000000c4f00000, 0x00000000c5000000|  0%| F|  |TAMS 0x00000000c4f00000, 0x00000000c4f00000| Untracked 
|  34|0x00000000c5000000, 0x00000000c5000000, 0x00000000c5100000|  0%| F|  |TAMS 0x00000000c5000000, 0x00000000c5000000| Untracked 
|  35|0x00000000c5100000, 0x00000000c5100000, 0x00000000c5200000|  0%| F|  |TAMS 0x00000000c5100000, 0x00000000c5100000| Untracked 
|  36|0x00000000c5200000, 0x00000000c5200000, 0x00000000c5300000|  0%| F|  |TAMS 0x00000000c5200000, 0x00000000c5200000| Untracked 
|  37|0x00000000c5300000, 0x00000000c5300000, 0x00000000c5400000|  0%| F|  |TAMS 0x00000000c5300000, 0x00000000c5300000| Untracked 
|  38|0x00000000c5400000, 0x00000000c5400000, 0x00000000c5500000|  0%| F|  |TAMS 0x00000000c5400000, 0x00000000c5400000| Untracked 
|  39|0x00000000c5500000, 0x00000000c5500000, 0x00000000c5600000|  0%| F|  |TAMS 0x00000000c5500000, 0x00000000c5500000| Untracked 
|  40|0x00000000c5600000, 0x00000000c5600000, 0x00000000c5700000|  0%| F|  |TAMS 0x00000000c5600000, 0x00000000c5600000| Untracked 
|  41|0x00000000c5700000, 0x00000000c5700000, 0x00000000c5800000|  0%| F|  |TAMS 0x00000000c5700000, 0x00000000c5700000| Untracked 
|  42|0x00000000c5800000, 0x00000000c5800000, 0x00000000c5900000|  0%| F|  |TAMS 0x00000000c5800000, 0x00000000c5800000| Untracked 
|  43|0x00000000c5900000, 0x00000000c5900000, 0x00000000c5a00000|  0%| F|  |TAMS 0x00000000c5900000, 0x00000000c5900000| Untracked 
|  44|0x00000000c5a00000, 0x00000000c5a00000, 0x00000000c5b00000|  0%| F|  |TAMS 0x00000000c5a00000, 0x00000000c5a00000| Untracked 
|  45|0x00000000c5b00000, 0x00000000c5b00000, 0x00000000c5c00000|  0%| F|  |TAMS 0x00000000c5b00000, 0x00000000c5b00000| Untracked 
|  46|0x00000000c5c00000, 0x00000000c5c00000, 0x00000000c5d00000|  0%| F|  |TAMS 0x00000000c5c00000, 0x00000000c5c00000| Untracked 
|  47|0x00000000c5d00000, 0x00000000c5d00000, 0x00000000c5e00000|  0%| F|  |TAMS 0x00000000c5d00000, 0x00000000c5d00000| Untracked 
|  48|0x00000000c5e00000, 0x00000000c5e00000, 0x00000000c5f00000|  0%| F|  |TAMS 0x00000000c5e00000, 0x00000000c5e00000| Untracked 
|  49|0x00000000c5f00000, 0x00000000c5f00000, 0x00000000c6000000|  0%| F|  |TAMS 0x00000000c5f00000, 0x00000000c5f00000| Untracked 
|  50|0x00000000c6000000, 0x00000000c6000000, 0x00000000c6100000|  0%| F|  |TAMS 0x00000000c6000000, 0x00000000c6000000| Untracked 
|  51|0x00000000c6100000, 0x00000000c6100000, 0x00000000c6200000|  0%| F|  |TAMS 0x00000000c6100000, 0x00000000c6100000| Untracked 
|  52|0x00000000c6200000, 0x00000000c6200000, 0x00000000c6300000|  0%| F|  |TAMS 0x00000000c6200000, 0x00000000c6200000| Untracked 
|  53|0x00000000c6300000, 0x00000000c6300000, 0x00000000c6400000|  0%| F|  |TAMS 0x00000000c6300000, 0x00000000c6300000| Untracked 
|  54|0x00000000c6400000, 0x00000000c6400000, 0x00000000c6500000|  0%| F|  |TAMS 0x00000000c6400000, 0x00000000c6400000| Untracked 
|  55|0x00000000c6500000, 0x00000000c6500000, 0x00000000c6600000|  0%| F|  |TAMS 0x00000000c6500000, 0x00000000c6500000| Untracked 
|  56|0x00000000c6600000, 0x00000000c66a5220, 0x00000000c6700000| 64%| E|  |TAMS 0x00000000c6600000, 0x00000000c6600000| Complete 
|  57|0x00000000c6700000, 0x00000000c6800000, 0x00000000c6800000|100%| E|CS|TAMS 0x00000000c6700000, 0x00000000c6700000| Complete 
|  58|0x00000000c6800000, 0x00000000c6900000, 0x00000000c6900000|100%| E|CS|TAMS 0x00000000c6800000, 0x00000000c6800000| Complete 
|  59|0x00000000c6900000, 0x00000000c6a00000, 0x00000000c6a00000|100%| E|CS|TAMS 0x00000000c6900000, 0x00000000c6900000| Complete 
|  60|0x00000000c6a00000, 0x00000000c6b00000, 0x00000000c6b00000|100%| E|CS|TAMS 0x00000000c6a00000, 0x00000000c6a00000| Complete 
|  61|0x00000000c6b00000, 0x00000000c6c00000, 0x00000000c6c00000|100%| E|CS|TAMS 0x00000000c6b00000, 0x00000000c6b00000| Complete 

Card table byte_map: [0x000002995f800000,0x000002995f9f0000] _byte_map_base: 0x000002995f1e9000

Marking Bits (Prev, Next): (CMBitMap*) 0x0000029946eea080, (CMBitMap*) 0x0000029946eea0c0
 Prev Bits: [0x000002995fbe0000, 0x0000029960b28000)
 Next Bits: [0x0000029960b30000, 0x0000029961a78000)

Polling page: 0x0000029946f60000

Metaspace:

Usage:
  Non-class:      8.42 MB used.
      Class:      1.25 MB used.
       Both:      9.67 MB used.

Virtual space:
  Non-class space:       64.00 MB reserved,       8.50 MB ( 13%) committed,  1 nodes.
      Class space:        1.00 GB reserved,       1.38 MB ( <1%) committed,  1 nodes.
             Both:        1.06 GB reserved,       9.88 MB ( <1%) committed. 

Chunk freelists:
   Non-Class:  7.51 MB
       Class:  14.50 MB
        Both:  22.01 MB

MaxMetaspaceSize: unlimited
CompressedClassSpaceSize: 1.00 GB
Initial GC threshold: 21.00 MB
Current GC threshold: 21.00 MB
CDS: on
MetaspaceReclaimPolicy: balanced
 - commit_granule_bytes: 65536.
 - commit_granule_words: 8192.
 - virtual_space_node_default_size: 8388608.
 - enlarge_chunks_in_place: 1.
 - new_chunks_are_fully_committed: 0.
 - uncommit_free_chunks: 1.
 - use_allocation_guard: 0.
 - handle_deallocations: 1.


Internal statistics:

num_allocs_failed_limit: 0.
num_arena_births: 88.
num_arena_deaths: 0.
num_vsnodes_births: 2.
num_vsnodes_deaths: 0.
num_space_committed: 158.
num_space_uncommitted: 0.
num_chunks_returned_to_freelist: 0.
num_chunks_taken_from_freelist: 360.
num_chunk_merges: 0.
num_chunk_splits: 235.
num_chunks_enlarged: 190.
num_inconsistent_stats: 0.

CodeHeap 'non-profiled nmethods': size=120064Kb used=847Kb max_used=847Kb free=119216Kb
 bounds [0x0000029957cc0000, 0x0000029957f30000, 0x000002995f200000]
CodeHeap 'profiled nmethods': size=120000Kb used=3372Kb max_used=3372Kb free=116627Kb
 bounds [0x0000029950200000, 0x0000029950550000, 0x0000029957730000]
CodeHeap 'non-nmethods': size=5696Kb used=1173Kb max_used=1193Kb free=4522Kb
 bounds [0x0000029957730000, 0x00000299579a0000, 0x0000029957cc0000]
 total_blobs=2261 nmethods=1791 adapters=384
 compilation: enabled
              stopped_count=0, restarted_count=0
 full_count=0

Compilation events (20 events):
Event: 541.138 Thread 0x0000029963e4b890 nmethod 1799 0x0000029957d8d090 code [0x0000029957d8d220, 0x0000029957d8d398]
Event: 541.138 Thread 0x0000029963e4b890 1800       4       java.util.concurrent.ScheduledThreadPoolExecutor$ScheduledFutureTask::run (57 bytes)
Event: 541.422 Thread 0x0000029963e4b890 nmethod 1800 0x0000029957d8d510 code [0x0000029957d8d780, 0x0000029957d8e970]
Event: 556.436 Thread 0x0000029963e4b890 1801       4       java.util.concurrent.locks.ReentrantLock$NonfairSync::tryAcquire (27 bytes)
Event: 556.439 Thread 0x0000029963e4b890 nmethod 1801 0x0000029957d8f890 code [0x0000029957d8fa20, 0x0000029957d8fbb8]
Event: 556.537 Thread 0x0000029963e4b890 1802   !   4       java.util.concurrent.locks.AbstractQueuedSynchronizer::acquire (407 bytes)
Event: 556.545 Thread 0x0000029963e4b890 nmethod 1802 0x0000029957d8fc90 code [0x0000029957d8fe20, 0x0000029957d90098]
Event: 604.124 Thread 0x0000029963e4b890 1803       4       com.esotericsoftware.kryo.io.Input::readBoolean (32 bytes)
Event: 604.211 Thread 0x0000029963e4b890 nmethod 1803 0x0000029957d90310 code [0x0000029957d904a0, 0x0000029957d90718]
Event: 604.211 Thread 0x0000029963e4b890 1804   !   4       org.gradle.internal.serialize.kryo.KryoBackedDecoder::readBoolean (15 bytes)
Event: 604.229 Thread 0x0000029963e4b890 nmethod 1804 0x0000029957d90990 code [0x0000029957d90b40, 0x0000029957d90e68]
Event: 609.167 Thread 0x0000029963e4b890 1805       4       java.util.concurrent.ConcurrentHashMap::containsKey (14 bytes)
Event: 609.319 Thread 0x0000029963e4b890 nmethod 1805 0x0000029957d91190 code [0x0000029957d91340, 0x0000029957d91658]
Event: 609.383 Thread 0x0000029963e4b890 1806       4       java.util.Collections$SetFromMap::contains (11 bytes)
Event: 609.405 Thread 0x0000029963e4b890 nmethod 1806 0x0000029957d91910 code [0x0000029957d91ac0, 0x0000029957d91df8]
Event: 609.487 Thread 0x0000029963e4b890 1807       4       org.gradle.internal.logging.serializer.ProgressEventSerializer::read (41 bytes)
Event: 609.513 Thread 0x0000029963e4b890 nmethod 1807 0x0000029957d92110 code [0x0000029957d92320, 0x0000029957d928c0]
Event: 609.515 Thread 0x0000029963e4b890 1808       4       org.gradle.internal.logging.serializer.ProgressEventSerializer::read (6 bytes)
Event: 609.525 Thread 0x0000029963e4b890 nmethod 1808 0x0000029957d92f90 code [0x0000029957d931a0, 0x0000029957d93740]
Event: 610.153 Thread 0x0000029963e4b890 1809       4       org.gradle.internal.logging.sink.OutputEventTransformer::onOutput (369 bytes)

GC Heap History (8 events):
Event: 0.947 GC heap before
{Heap before GC invocations=0 (full 0):
 garbage-first heap   total 63488K, used 6144K [0x00000000c2e00000, 0x0000000100000000)
  region size 1024K, 6 young (6144K), 0 survivors (0K)
 Metaspace       used 1724K, committed 1792K, reserved 1114112K
  class space    used 165K, committed 192K, reserved 1048576K
}
Event: 0.961 GC heap after
{Heap after GC invocations=1 (full 0):
 garbage-first heap   total 63488K, used 1228K [0x00000000c2e00000, 0x0000000100000000)
  region size 1024K, 1 young (1024K), 1 survivors (1024K)
 Metaspace       used 1724K, committed 1792K, reserved 1114112K
  class space    used 165K, committed 192K, reserved 1048576K
}
Event: 1.234 GC heap before
{Heap before GC invocations=1 (full 0):
 garbage-first heap   total 63488K, used 6348K [0x00000000c2e00000, 0x0000000100000000)
  region size 1024K, 7 young (7168K), 1 survivors (1024K)
 Metaspace       used 1778K, committed 1856K, reserved 1114112K
  class space    used 165K, committed 192K, reserved 1048576K
}
Event: 1.238 GC heap after
{Heap after GC invocations=2 (full 0):
 garbage-first heap   total 63488K, used 1599K [0x00000000c2e00000, 0x0000000100000000)
  region size 1024K, 1 young (1024K), 1 survivors (1024K)
 Metaspace       used 1778K, committed 1856K, reserved 1114112K
  class space    used 165K, committed 192K, reserved 1048576K
}
Event: 1.852 GC heap before
{Heap before GC invocations=2 (full 0):
 garbage-first heap   total 63488K, used 14911K [0x00000000c2e00000, 0x0000000100000000)
  region size 1024K, 14 young (14336K), 1 survivors (1024K)
 Metaspace       used 1920K, committed 2048K, reserved 1114112K
  class space    used 170K, committed 192K, reserved 1048576K
}
Event: 1.857 GC heap after
{Heap after GC invocations=3 (full 0):
 garbage-first heap   total 63488K, used 2386K [0x00000000c2e00000, 0x0000000100000000)
  region size 1024K, 2 young (2048K), 2 survivors (2048K)
 Metaspace       used 1920K, committed 2048K, reserved 1114112K
  class space    used 170K, committed 192K, reserved 1048576K
}
Event: 6.060 GC heap before
{Heap before GC invocations=3 (full 0):
 garbage-first heap   total 63488K, used 42322K [0x00000000c2e00000, 0x0000000100000000)
  region size 1024K, 37 young (37888K), 2 survivors (2048K)
 Metaspace       used 8462K, committed 8640K, reserved 1114112K
  class space    used 1123K, committed 1216K, reserved 1048576K
}
Event: 6.071 GC heap after
{Heap after GC invocations=4 (full 0):
 garbage-first heap   total 63488K, used 12677K [0x00000000c2e00000, 0x0000000100000000)
  region size 1024K, 5 young (5120K), 5 survivors (5120K)
 Metaspace       used 8462K, committed 8640K, reserved 1114112K
  class space    used 1123K, committed 1216K, reserved 1048576K
}

Dll operation events (12 events):
Event: 0.022 Loaded shared library C:\Program Files\Eclipse Adoptium\jdk-17.0.20.101-hotspot\bin\java.dll
Event: 0.052 Loaded shared library C:\Program Files\Eclipse Adoptium\jdk-17.0.20.101-hotspot\bin\jsvml.dll
Event: 0.285 Loaded shared library C:\Program Files\Eclipse Adoptium\jdk-17.0.20.101-hotspot\bin\net.dll
Event: 0.296 Loaded shared library C:\Program Files\Eclipse Adoptium\jdk-17.0.20.101-hotspot\bin\nio.dll
Event: 0.306 Loaded shared library C:\Program Files\Eclipse Adoptium\jdk-17.0.20.101-hotspot\bin\zip.dll
Event: 0.316 Loaded shared library C:\Program Files\Eclipse Adoptium\jdk-17.0.20.101-hotspot\bin\verify.dll
Event: 0.424 Loaded shared library C:\Program Files\Eclipse Adoptium\jdk-17.0.20.101-hotspot\bin\jimage.dll
Event: 3.166 Loaded shared library C:\Program Files\Eclipse Adoptium\jdk-17.0.20.101-hotspot\bin\management.dll
Event: 3.179 Loaded shared library C:\Program Files\Eclipse Adoptium\jdk-17.0.20.101-hotspot\bin\management_ext.dll
Event: 3.379 Loaded shared library C:\Users\alexa\.gradle\native\660c5614fbf4a5f2a75b1949f50a0caf5cd603558e7d8a26e50b933a0cfb79d1\windows-amd64\native-platform.dll
Event: 5.173 Loaded shared library C:\Program Files\Eclipse Adoptium\jdk-17.0.20.101-hotspot\bin\extnet.dll
Event: 16.292 Loaded shared library C:\Program Files\Eclipse Adoptium\jdk-17.0.20.101-hotspot\bin\sunmscapi.dll

Deoptimization events (20 events):
Event: 16.231 Thread 0x0000029946eae610 Uncommon trap: trap_request=0xffffff45 fr.pc=0x0000029957cf17cc relative=0x00000000000001cc
Event: 16.231 Thread 0x0000029946eae610 Uncommon trap: reason=unstable_if action=reinterpret pc=0x0000029957cf17cc method=java.util.HashMap.putVal(ILjava/lang/Object;Ljava/lang/Object;ZZ)Ljava/lang/Object; @ 162 c2
Event: 16.231 Thread 0x0000029946eae610 DEOPT PACKING pc=0x0000029957cf17cc sp=0x000000eff28fb0d0
Event: 16.231 Thread 0x0000029946eae610 DEOPT UNPACKING pc=0x000002995778699d sp=0x000000eff28faff8 mode 2
Event: 16.317 Thread 0x0000029946eae610 Uncommon trap: trap_request=0xffffffde fr.pc=0x0000029957d409a4 relative=0x0000000000000784
Event: 16.318 Thread 0x0000029946eae610 Uncommon trap: reason=class_check action=maybe_recompile pc=0x0000029957d409a4 method=java.util.HashMap.putVal(ILjava/lang/Object;Ljava/lang/Object;ZZ)Ljava/lang/Object; @ 203 c2
Event: 16.318 Thread 0x0000029946eae610 DEOPT PACKING pc=0x0000029957d409a4 sp=0x000000eff28fa460
Event: 16.318 Thread 0x0000029946eae610 DEOPT UNPACKING pc=0x000002995778699d sp=0x000000eff28fa3f0 mode 2
Event: 16.318 Thread 0x0000029946eae610 Uncommon trap: trap_request=0xffffffde fr.pc=0x0000029957d409a4 relative=0x0000000000000784
Event: 16.318 Thread 0x0000029946eae610 Uncommon trap: reason=class_check action=maybe_recompile pc=0x0000029957d409a4 method=java.util.HashMap.putVal(ILjava/lang/Object;Ljava/lang/Object;ZZ)Ljava/lang/Object; @ 203 c2
Event: 16.318 Thread 0x0000029946eae610 DEOPT PACKING pc=0x0000029957d409a4 sp=0x000000eff28fa460
Event: 16.318 Thread 0x0000029946eae610 DEOPT UNPACKING pc=0x000002995778699d sp=0x000000eff28fa3f0 mode 2
Event: 201.560 Thread 0x0000029946eae610 Uncommon trap: trap_request=0xffffffc6 fr.pc=0x0000029957d3a2fc relative=0x000000000000051c
Event: 201.561 Thread 0x0000029946eae610 Uncommon trap: reason=bimorphic_or_optimized_type_check action=maybe_recompile pc=0x0000029957d3a2fc method=java.util.concurrent.ConcurrentHashMap.get(Ljava/lang/Object;)Ljava/lang/Object; @ 149 c2
Event: 201.561 Thread 0x0000029946eae610 DEOPT PACKING pc=0x0000029957d3a2fc sp=0x000000eff28fd1e0
Event: 201.564 Thread 0x0000029946eae610 DEOPT UNPACKING pc=0x000002995778699d sp=0x000000eff28fd170 mode 2
Event: 202.747 Thread 0x0000029946eae610 Uncommon trap: trap_request=0xffffffc6 fr.pc=0x0000029957d3a2fc relative=0x000000000000051c
Event: 202.747 Thread 0x0000029946eae610 Uncommon trap: reason=bimorphic_or_optimized_type_check action=maybe_recompile pc=0x0000029957d3a2fc method=java.util.concurrent.ConcurrentHashMap.get(Ljava/lang/Object;)Ljava/lang/Object; @ 149 c2
Event: 202.747 Thread 0x0000029946eae610 DEOPT PACKING pc=0x0000029957d3a2fc sp=0x000000eff28fd1e0
Event: 202.748 Thread 0x0000029946eae610 DEOPT UNPACKING pc=0x000002995778699d sp=0x000000eff28fd170 mode 2

Classes loaded (20 events):
Event: 16.425 Loading class sun/nio/ch/SourceChannelImpl
Event: 16.426 Loading class java/nio/channels/Pipe$SourceChannel
Event: 16.426 Loading class java/nio/channels/Pipe$SourceChannel done
Event: 16.426 Loading class sun/nio/ch/SourceChannelImpl done
Event: 16.426 Loading class sun/nio/ch/SinkChannelImpl
Event: 16.426 Loading class java/nio/channels/Pipe$SinkChannel
Event: 16.426 Loading class java/nio/channels/Pipe$SinkChannel done
Event: 16.426 Loading class sun/nio/ch/SinkChannelImpl done
Event: 16.428 Loading class sun/nio/ch/SelectionKeyImpl
Event: 16.428 Loading class java/nio/channels/spi/AbstractSelectionKey
Event: 16.428 Loading class java/nio/channels/SelectionKey
Event: 16.428 Loading class java/nio/channels/SelectionKey done
Event: 16.428 Loading class java/nio/channels/spi/AbstractSelectionKey done
Event: 16.428 Loading class sun/nio/ch/SelectionKeyImpl done
Event: 16.429 Loading class java/lang/invoke/ConstantBootstraps
Event: 16.429 Loading class java/lang/invoke/ConstantBootstraps done
Event: 16.444 Loading class java/nio/channels/spi/AbstractSelector$1
Event: 16.444 Loading class java/nio/channels/spi/AbstractSelector$1 done
Event: 16.720 Loading class java/util/concurrent/Executors$FinalizableDelegatedExecutorService
Event: 16.720 Loading class java/util/concurrent/Executors$FinalizableDelegatedExecutorService done

Classes unloaded (0 events):
No events

Classes redefined (0 events):
No events

Internal exceptions (20 events):
Event: 3.429 Thread 0x0000029946eae610 Exception <a 'java/lang/NoSuchMethodError'{0x00000000c5947518}: 'java.lang.Object java.lang.invoke.Invokers$Holder.invoker(java.lang.Object, java.lang.Object, java.lang.Object)'> (0x00000000c5947518) 
thrown [s\src\hotspot\share\interpreter\linkResolver.cpp, line 759]
Event: 3.432 Thread 0x0000029946eae610 Exception <a 'java/lang/NoSuchMethodError'{0x00000000c5950670}: 'java.lang.Object java.lang.invoke.DirectMethodHandle$Holder.invokeStatic(java.lang.Object, java.lang.Object, int)'> (0x00000000c5950670) 
thrown [s\src\hotspot\share\interpreter\linkResolver.cpp, line 759]
Event: 3.439 Thread 0x0000029946eae610 Exception <a 'java/lang/NoSuchMethodError'{0x00000000c595c360}: 'void java.lang.invoke.DelegatingMethodHandle$Holder.delegate(java.lang.Object, java.lang.Object, int, java.lang.Object)'> (0x00000000c595c360) 
thrown [s\src\hotspot\share\interpreter\linkResolver.cpp, line 759]
Event: 3.447 Thread 0x0000029946eae610 Exception <a 'java/lang/NoSuchMethodError'{0x00000000c596f9a8}: 'java.lang.Object java.lang.invoke.Invokers$Holder.invokeExact_MT(java.lang.Object, java.lang.Object, java.lang.Object, java.lang.Object)'> (0x00000000c596f9a8) 
thrown [s\src\hotspot\share\interpreter\linkResolver.cpp, line 759]
Event: 3.453 Thread 0x0000029946eae610 Exception <a 'java/lang/NoSuchMethodError'{0x00000000c5997640}: 'java.lang.Object java.lang.invoke.DirectMethodHandle$Holder.invokeVirtual(java.lang.Object, java.lang.Object, java.lang.Object)'> (0x00000000c5997640) 
thrown [s\src\hotspot\share\interpreter\linkResolver.cpp, line 759]
Event: 3.658 Thread 0x0000029946eae610 Exception <a 'java/lang/NoSuchMethodError'{0x00000000c56d5260}: 'java.lang.Object java.lang.invoke.DirectMethodHandle$Holder.newInvokeSpecial(java.lang.Object, java.lang.Object, java.lang.Object, java.lang.Object, java.lang.Object)'> (0x00000000c56d5260) 
thrown [s\src\hotspot\share\interpreter\linkResolver.cpp, line 759]
Event: 3.709 Thread 0x0000029946eae610 Exception <a 'java/lang/NoSuchMethodError'{0x00000000c55cc720}: 'void java.lang.invoke.DirectMethodHandle$Holder.invokeSpecial(java.lang.Object, java.lang.Object, java.lang.Object)'> (0x00000000c55cc720) 
thrown [s\src\hotspot\share\interpreter\linkResolver.cpp, line 759]
Event: 3.716 Thread 0x0000029946eae610 Implicit null exception at 0x0000029957d0418b to 0x0000029957d04698
Event: 3.749 Thread 0x0000029946eae610 Implicit null exception at 0x0000029957cf3baf to 0x0000029957cf3c29
Event: 3.811 Thread 0x0000029946eae610 Exception <a 'java/lang/NoSuchMethodError'{0x00000000c5493258}: 'java.lang.Object java.lang.invoke.DirectMethodHandle$Holder.invokeStaticInit(java.lang.Object, int, int, int, int)'> (0x00000000c5493258) 
thrown [s\src\hotspot\share\interpreter\linkResolver.cpp, line 759]
Event: 4.283 Thread 0x0000029946eae610 Exception <a 'java/lang/NoSuchMethodError'{0x00000000c54bf4a8}: 'java.lang.Object java.lang.invoke.DirectMethodHandle$Holder.invokeStaticInit(java.lang.Object, java.lang.Object, int, int, int, int)'> (0x00000000c54bf4a8) 
thrown [s\src\hotspot\share\interpreter\linkResolver.cpp, line 759]
Event: 4.300 Thread 0x0000029946eae610 Exception <a 'java/lang/NoSuchMethodError'{0x00000000c54f1958}: 'int java.lang.invoke.DirectMethodHandle$Holder.invokeStatic(java.lang.Object)'> (0x00000000c54f1958) 
thrown [s\src\hotspot\share\interpreter\linkResolver.cpp, line 759]
Event: 4.300 Thread 0x0000029946eae610 Exception <a 'java/lang/NoSuchMethodError'{0x00000000c54f50b0}: 'int java.lang.invoke.DirectMethodHandle$Holder.invokeStaticInit(java.lang.Object)'> (0x00000000c54f50b0) 
thrown [s\src\hotspot\share\interpreter\linkResolver.cpp, line 759]
Event: 4.305 Thread 0x0000029946eae610 Implicit null exception at 0x0000029957d05cf2 to 0x0000029957d06208
Event: 5.177 Thread 0x0000029946eae610 Exception <a 'java/lang/NoSuchMethodError'{0x00000000c52a4d48}: 'void java.lang.invoke.DirectMethodHandle$Holder.invokeStatic(java.lang.Object, java.lang.Object, java.lang.Object)'> (0x00000000c52a4d48) 
thrown [s\src\hotspot\share\interpreter\linkResolver.cpp, line 759]
Event: 6.117 Thread 0x0000029968cb2920 Exception <a 'java/lang/NoSuchMethodError'{0x00000000c6b33d28}: 'void java.lang.invoke.DirectMethodHandle$Holder.invokeStatic(java.lang.Object, long)'> (0x00000000c6b33d28) 
thrown [s\src\hotspot\share\interpreter\linkResolver.cpp, line 759]
Event: 6.118 Thread 0x0000029968cb2920 Exception <a 'java/lang/NoSuchMethodError'{0x00000000c6b39680}: 'java.lang.Object java.lang.invoke.DirectMethodHandle$Holder.newInvokeSpecial(java.lang.Object, long)'> (0x00000000c6b39680) 
thrown [s\src\hotspot\share\interpreter\linkResolver.cpp, line 759]
Event: 6.122 Thread 0x0000029968cb2920 Exception <a 'java/lang/NoSuchMethodError'{0x00000000c6b44218}: 'java.lang.Object java.lang.invoke.DirectMethodHandle$Holder.invokeStaticInit(java.lang.Object, java.lang.Object, long, java.lang.Object)'> (0x00000000c6b44218) 
thrown [s\src\hotspot\share\interpreter\linkResolver.cpp, line 759]
Event: 6.124 Thread 0x0000029968cb2920 Exception <a 'java/lang/NoSuchMethodError'{0x00000000c6b4a8a0}: 'java.lang.Object java.lang.invoke.DirectMethodHandle$Holder.newInvokeSpecial(java.lang.Object, java.lang.Object, long)'> (0x00000000c6b4a8a0) 
thrown [s\src\hotspot\share\interpreter\linkResolver.cpp, line 759]
Event: 6.125 Thread 0x0000029968cb2920 Exception <a 'java/lang/NoSuchMethodError'{0x00000000c6b4eb90}: 'java.lang.Object java.lang.invoke.Invokers$Holder.linkToTargetMethod(java.lang.Object, long, java.lang.Object)'> (0x00000000c6b4eb90) 
thrown [s\src\hotspot\share\interpreter\linkResolver.cpp, line 759]

VM Operations (20 events):
Event: 274.618 Executing VM operation: Cleanup
Event: 274.618 Executing VM operation: Cleanup done
Event: 333.688 Executing VM operation: Cleanup
Event: 333.688 Executing VM operation: Cleanup done
Event: 360.749 Executing VM operation: HandshakeAllThreads
Event: 360.751 Executing VM operation: HandshakeAllThreads done
Event: 492.940 Executing VM operation: Cleanup
Event: 492.942 Executing VM operation: Cleanup done
Event: 496.005 Executing VM operation: Cleanup
Event: 496.006 Executing VM operation: Cleanup done
Event: 498.008 Executing VM operation: Cleanup
Event: 498.008 Executing VM operation: Cleanup done
Event: 500.009 Executing VM operation: Cleanup
Event: 500.009 Executing VM operation: Cleanup done
Event: 557.450 Executing VM operation: Cleanup
Event: 557.450 Executing VM operation: Cleanup done
Event: 604.502 Executing VM operation: Cleanup
Event: 604.502 Executing VM operation: Cleanup done
Event: 609.505 Executing VM operation: Cleanup
Event: 609.505 Executing VM operation: Cleanup done

Memory protections (0 events):
No events

Nmethod flushes (0 events):
No events

Events (19 events):
Event: 0.052 Thread 0x0000029946eae610 Thread added: 0x0000029946eae610
Event: 0.058 Thread 0x0000029946eae610 Thread added: 0x0000029946f5e440
Event: 0.058 Thread 0x0000029946eae610 Thread added: 0x0000029963e2fa40
Event: 0.073 Thread 0x0000029946eae610 Thread added: 0x0000029963e46c50
Event: 0.073 Thread 0x0000029946eae610 Thread added: 0x0000029963e47810
Event: 0.073 Thread 0x0000029946eae610 Thread added: 0x0000029963e4a1e0
Event: 0.073 Thread 0x0000029946eae610 Thread added: 0x0000029963e4aba0
Event: 0.073 Thread 0x0000029946eae610 Thread added: 0x0000029963e4b890
Event: 0.110 Thread 0x0000029946eae610 Thread added: 0x0000029963e4e350
Event: 0.153 Thread 0x0000029946eae610 Thread added: 0x0000029963ec0f70
Event: 0.250 Thread 0x0000029946eae610 Thread added: 0x00000299681b9210
Event: 0.255 Thread 0x0000029946eae610 Thread added: 0x00000299681bff70
Event: 3.538 Thread 0x0000029946eae610 Thread added: 0x0000029968f00170
Event: 5.994 Thread 0x0000029946eae610 Thread added: 0x0000029968cb2920
Event: 6.128 Thread 0x0000029968cb2920 Thread added: 0x0000029968240e30
Event: 6.129 Thread 0x0000029968cb2920 Thread added: 0x00000299682a3ff0
Event: 6.175 Thread 0x0000029968240e30 Thread exited: 0x0000029968240e30
Event: 16.060 Thread 0x0000029968cb2920 Thread exited: 0x0000029968cb2920
Event: 16.060 Thread 0x00000299682a3ff0 Thread exited: 0x00000299682a3ff0


Dynamic libraries:
0x00007ff62a3d0000 - 0x00007ff62a3de000 	C:\Program Files\Eclipse Adoptium\jdk-17.0.20.101-hotspot\bin\java.exe
0x00007ffd799d0000 - 0x00007ffd79be8000 	C:\WINDOWS\SYSTEM32\ntdll.dll
0x00007ffd78570000 - 0x00007ffd78634000 	C:\WINDOWS\System32\KERNEL32.DLL
0x00007ffd77260000 - 0x00007ffd77633000 	C:\WINDOWS\System32\KERNELBASE.dll
0x00007ffd76d20000 - 0x00007ffd76e31000 	C:\WINDOWS\System32\ucrtbase.dll
0x00007ffd56e90000 - 0x00007ffd56ea8000 	C:\Program Files\Eclipse Adoptium\jdk-17.0.20.101-hotspot\bin\jli.dll
0x00007ffd78260000 - 0x00007ffd78412000 	C:\WINDOWS\System32\USER32.dll
0x00007ffd77230000 - 0x00007ffd77256000 	C:\WINDOWS\System32\win32u.dll
0x00007ffd77c60000 - 0x00007ffd77c89000 	C:\WINDOWS\System32\GDI32.dll
0x00007ffd76b80000 - 0x00007ffd76c9b000 	C:\WINDOWS\System32\gdi32full.dll
0x00007ffd76ae0000 - 0x00007ffd76b7a000 	C:\WINDOWS\System32\msvcp_win.dll
0x00007ffd56e10000 - 0x00007ffd56e2e000 	C:\Program Files\Eclipse Adoptium\jdk-17.0.20.101-hotspot\bin\VCRUNTIME140.dll
0x00007ffd6aef0000 - 0x00007ffd6b18c000 	C:\WINDOWS\WinSxS\amd64_microsoft.windows.common-controls_6595b64144ccf1df_6.0.22621.6060_none_2712eda17382d24b\COMCTL32.dll
0x00007ffd79320000 - 0x00007ffd793c7000 	C:\WINDOWS\System32\msvcrt.dll
0x00007ffd779a0000 - 0x00007ffd779d1000 	C:\WINDOWS\System32\IMM32.DLL
0x00007ffd65010000 - 0x00007ffd6501c000 	C:\Program Files\Eclipse Adoptium\jdk-17.0.20.101-hotspot\bin\vcruntime140_1.dll
0x00007ffd404c0000 - 0x00007ffd4054d000 	C:\Program Files\Eclipse Adoptium\jdk-17.0.20.101-hotspot\bin\msvcp140.dll
0x00007ffcc5570000 - 0x00007ffcc61dc000 	C:\Program Files\Eclipse Adoptium\jdk-17.0.20.101-hotspot\bin\server\jvm.dll
0x00007ffd776f0000 - 0x00007ffd777a1000 	C:\WINDOWS\System32\ADVAPI32.dll
0x00007ffd77800000 - 0x00007ffd778a8000 	C:\WINDOWS\System32\sechost.dll
0x00007ffd77640000 - 0x00007ffd77668000 	C:\WINDOWS\System32\bcrypt.dll
0x00007ffd77b40000 - 0x00007ffd77c58000 	C:\WINDOWS\System32\RPCRT4.dll
0x00007ffd77920000 - 0x00007ffd77991000 	C:\WINDOWS\System32\WS2_32.dll
0x00007ffd76900000 - 0x00007ffd7694d000 	C:\WINDOWS\SYSTEM32\POWRPROF.dll
0x00007ffd70be0000 - 0x00007ffd70c14000 	C:\WINDOWS\SYSTEM32\WINMM.dll
0x00007ffd735e0000 - 0x00007ffd735ea000 	C:\WINDOWS\SYSTEM32\VERSION.dll
0x00007ffd767e0000 - 0x00007ffd767f3000 	C:\WINDOWS\SYSTEM32\UMPDC.dll
0x00007ffd75a80000 - 0x00007ffd75a98000 	C:\WINDOWS\SYSTEM32\kernel.appcore.dll
0x00007ffd56df0000 - 0x00007ffd56dfa000 	C:\Program Files\Eclipse Adoptium\jdk-17.0.20.101-hotspot\bin\jimage.dll
0x00007ffd74440000 - 0x00007ffd74673000 	C:\WINDOWS\SYSTEM32\DBGHELP.DLL
0x00007ffd77c90000 - 0x00007ffd78021000 	C:\WINDOWS\System32\combase.dll
0x00007ffd78490000 - 0x00007ffd78568000 	C:\WINDOWS\System32\OLEAUT32.dll
0x00007ffd67ee0000 - 0x00007ffd67f12000 	C:\WINDOWS\SYSTEM32\dbgcore.DLL
0x00007ffd76f80000 - 0x00007ffd76ffb000 	C:\WINDOWS\System32\bcryptPrimitives.dll
0x00007ffd4c610000 - 0x00007ffd4c635000 	C:\Program Files\Eclipse Adoptium\jdk-17.0.20.101-hotspot\bin\java.dll
0x00007ffd21bc0000 - 0x00007ffd21c97000 	C:\Program Files\Eclipse Adoptium\jdk-17.0.20.101-hotspot\bin\jsvml.dll
0x00007ffd78750000 - 0x00007ffd78fec000 	C:\WINDOWS\System32\SHELL32.dll
0x00007ffd76e40000 - 0x00007ffd76f7f000 	C:\WINDOWS\System32\wintypes.dll
0x00007ffd74990000 - 0x00007ffd752aa000 	C:\WINDOWS\SYSTEM32\windows.storage.dll
0x00007ffd793d0000 - 0x00007ffd794d4000 	C:\WINDOWS\System32\SHCORE.dll
0x00007ffd77670000 - 0x00007ffd776d9000 	C:\WINDOWS\System32\shlwapi.dll
0x00007ffd76a10000 - 0x00007ffd76a35000 	C:\WINDOWS\SYSTEM32\profapi.dll
0x00007ffd56020000 - 0x00007ffd5603a000 	C:\Program Files\Eclipse Adoptium\jdk-17.0.20.101-hotspot\bin\net.dll
0x00007ffd707f0000 - 0x00007ffd7091c000 	C:\WINDOWS\SYSTEM32\WINHTTP.dll
0x00007ffd75f50000 - 0x00007ffd75fb9000 	C:\WINDOWS\system32\mswsock.dll
0x00007ffd4c9b0000 - 0x00007ffd4c9c6000 	C:\Program Files\Eclipse Adoptium\jdk-17.0.20.101-hotspot\bin\nio.dll
0x00007ffd4a240000 - 0x00007ffd4a258000 	C:\Program Files\Eclipse Adoptium\jdk-17.0.20.101-hotspot\bin\zip.dll
0x00007ffd56de0000 - 0x00007ffd56df0000 	C:\Program Files\Eclipse Adoptium\jdk-17.0.20.101-hotspot\bin\verify.dll
0x00007ffd56070000 - 0x00007ffd5607a000 	C:\Program Files\Eclipse Adoptium\jdk-17.0.20.101-hotspot\bin\management.dll
0x00007ffd54530000 - 0x00007ffd5453c000 	C:\Program Files\Eclipse Adoptium\jdk-17.0.20.101-hotspot\bin\management_ext.dll
0x00007ffd791d0000 - 0x00007ffd791d8000 	C:\WINDOWS\System32\PSAPI.DLL
0x00007ffd448b0000 - 0x00007ffd448d7000 	C:\Users\alexa\.gradle\native\660c5614fbf4a5f2a75b1949f50a0caf5cd603558e7d8a26e50b933a0cfb79d1\windows-amd64\native-platform.dll
0x00007ffd76180000 - 0x00007ffd7619b000 	C:\WINDOWS\SYSTEM32\CRYPTSP.dll
0x00007ffd759e0000 - 0x00007ffd75a17000 	C:\WINDOWS\system32\rsaenh.dll
0x00007ffd76010000 - 0x00007ffd76038000 	C:\WINDOWS\SYSTEM32\USERENV.dll
0x00007ffd761c0000 - 0x00007ffd761cc000 	C:\WINDOWS\SYSTEM32\CRYPTBASE.dll
0x00007ffd75510000 - 0x00007ffd7553d000 	C:\WINDOWS\SYSTEM32\IPHLPAPI.DLL
0x00007ffd776e0000 - 0x00007ffd776e9000 	C:\WINDOWS\System32\NSI.dll
0x00007ffd70530000 - 0x00007ffd70549000 	C:\WINDOWS\SYSTEM32\dhcpcsvc6.DLL
0x00007ffd70350000 - 0x00007ffd7036f000 	C:\WINDOWS\SYSTEM32\dhcpcsvc.DLL
0x00007ffd75580000 - 0x00007ffd75678000 	C:\WINDOWS\SYSTEM32\DNSAPI.dll
0x00007ffd4f9a0000 - 0x00007ffd4f9a9000 	C:\Program Files\Eclipse Adoptium\jdk-17.0.20.101-hotspot\bin\extnet.dll
0x00007ffd4c8c0000 - 0x00007ffd4c8ce000 	C:\Program Files\Eclipse Adoptium\jdk-17.0.20.101-hotspot\bin\sunmscapi.dll
0x00007ffd77000000 - 0x00007ffd77168000 	C:\WINDOWS\System32\CRYPT32.dll
0x00007ffd763b0000 - 0x00007ffd763de000 	C:\WINDOWS\SYSTEM32\ncrypt.dll
0x00007ffd76370000 - 0x00007ffd763a7000 	C:\WINDOWS\SYSTEM32\NTASN1.dll
0x00007ffd4c5c0000 - 0x00007ffd4c5c8000 	C:\WINDOWS\system32\wshunix.dll

dbghelp: loaded successfully - version: 4.0.5 - missing functions: none
symbol engine: initialized successfully - sym options: 0x614 - pdb path: .;C:\Program Files\Eclipse Adoptium\jdk-17.0.20.101-hotspot\bin;C:\WINDOWS\SYSTEM32;C:\WINDOWS\WinSxS\amd64_microsoft.windows.common-controls_6595b64144ccf1df_6.0.22621.6060_none_2712eda17382d24b;C:\Program Files\Eclipse Adoptium\jdk-17.0.20.101-hotspot\bin\server;C:\Users\alexa\.gradle\native\660c5614fbf4a5f2a75b1949f50a0caf5cd603558e7d8a26e50b933a0cfb79d1\windows-amd64

VM Arguments:
jvm_args: -Dorg.gradle.appname=gradlew 
java_command: org.gradle.wrapper.GradleWrapperMain -q -Ptarget-platform=android-arm,android-arm64,android-x64 -Ptarget=lib\main.dart -Pbase-application-name=android.app.Application -Pdart-defines=RkxVVFRFUl9CVUlMRF9OQU1FPTEuMC4w,RkxVVFRFUl9CVUlMRF9OVU1CRVI9MQ==,RkxVVFRFUl9WRVJTSU9OPTMuNDcuMg==,RkxVVFRFUl9DSEFOTkVMPXN0YWJsZQ==,RkxVVFRFUl9HSVRfVVJMPWh0dHBzOi8vZ2l0aHViLmNvbS9mbHV0dGVyL2ZsdXR0ZXIuZ2l0,RkxVVFRFUl9GUkFNRVdPUktfUkVWSVNJT049ZDNiMTRjODc2OQ==,RkxVVFRFUl9FTkdJTkVfUkVWSVNJT049YTgwNGIyNjE2NA==,RkxVVFRFUl9EQVJUX1ZFUlNJT049My4xMy4y -Pdart-obfuscation=false -Ptrack-widget-creation=true -Ptree-shake-icons=true -Pflutter.androidSdkRoot=C:\Android -Pflutter.installedNdkVersions=28.2.13676358 -Pflutter.sdkManagerPath=C:\Android\cmdline-tools\latest\bin\sdkmanager.bat assembleRelease
java_class_path (initial): C:\Users\alexa\Downloads\SAMA_BUS_Flutter_App\sama_bus_app\android\\gradle\wrapper\gradle-wrapper.jar
Launcher Type: SUN_STANDARD

[Global flags]
     intx CICompilerCount                          = 2                                         {product} {ergonomic}
     uint ConcGCThreads                            = 1                                         {product} {ergonomic}
     uint G1ConcRefinementThreads                  = 2                                         {product} {ergonomic}
   size_t G1HeapRegionSize                         = 1048576                                   {product} {ergonomic}
    uintx GCDrainStackTargetSize                   = 64                                        {product} {ergonomic}
   size_t InitialHeapSize                          = 65011712                                  {product} {ergonomic}
   size_t MarkStackSize                            = 4194304                                   {product} {ergonomic}
   size_t MaxHeapSize                              = 1025507328                                {product} {ergonomic}
   size_t MaxNewSize                               = 614465536                                 {product} {ergonomic}
   size_t MinHeapDeltaBytes                        = 1048576                                   {product} {ergonomic}
   size_t MinHeapSize                              = 8388608                                   {product} {ergonomic}
    uintx NonNMethodCodeHeapSize                   = 5826188                                {pd product} {ergonomic}
    uintx NonProfiledCodeHeapSize                  = 122916026                              {pd product} {ergonomic}
    uintx ProfiledCodeHeapSize                     = 122916026                              {pd product} {ergonomic}
    uintx ReservedCodeCacheSize                    = 251658240                              {pd product} {ergonomic}
     bool SegmentedCodeCache                       = true                                      {product} {ergonomic}
   size_t SoftMaxHeapSize                          = 1025507328                             {manageable} {ergonomic}
     bool UseCompressedClassPointers               = true                           {product lp64_product} {ergonomic}
     bool UseCompressedOops                        = true                           {product lp64_product} {ergonomic}
     bool UseG1GC                                  = true                                      {product} {ergonomic}
     bool UseLargePagesIndividualAllocation        = false                                  {pd product} {ergonomic}

Logging:
Log output configuration:
 #0: stdout all=warning uptime,level,tags
 #1: stderr all=off uptime,level,tags

Environment Variables:
CLASSPATH=C:\Users\alexa\Downloads\SAMA_BUS_Flutter_App\sama_bus_app\android\\gradle\wrapper\gradle-wrapper.jar
PATH=C:\Program Files\Eclipse Adoptium\jdk-17.0.20.101-hotspot\bin;C:\Program Files\Eclipse Adoptium\jdk-17.0.20.101-hotspot\bin;C:\Python314\Scripts\;C:\Python314\;C:\Program Files\Eclipse Adoptium\jdk-8.0.482.8-hotspot\bin;C:\Program Files (x86)\Common Files\Oracle\Java\java8path;C:\Program Files (x86)\Common Files\Oracle\Java\javapath;C:\Program Files (x86)\VMware\VMware Workstation\bin\;C:\WINDOWS\system32;C:\WINDOWS;C:\WINDOWS\System32\Wbem;C:\WINDOWS\System32\WindowsPowerShell\v1.0\;C:\WINDOWS\System32\OpenSSH\;C:\Program Files (x86)\Microsoft SQL Server\170\Tools\Binn\;C:\Program Files\Microsoft SQL Server\170\Tools\Binn\;C:\Program Files\Microsoft SQL Server\Client SDK\ODBC\180\Tools\Binn\;C:\Program Files\Microsoft SQL Server\170\DTS\Binn\;C:\Program Files\Microsoft SQL Server\Client SDK\ODBC\170\Tools\Binn\;C:\Program Files (x86)\Microsoft SQL Server\150\Tools\Binn\;C:\Program Files\Microsoft SQL Server\150\Tools\Binn\;C:\Program Files\Microsoft SQL Server\150\DTS\Binn\;C:\Program Files\PuTTY\;C:\Program Files (x86)\dotnet\;C:\Program Files\nodejs\;C:\ProgramData\chocolatey\bin;C:\Program Files\Git\cmd;C:\Users\alexa\AppData\Local\Microsoft\WindowsApps;C:\Users\alexa\AppData\Local\Programs\Microsoft VS Code\bin;C:\Users\alexa\AppData\Roaming\npm;C:\src\flutter\bin;;C:\src\flutter\bin\mingit\cmd
USERNAME=alexa
OS=Windows_NT
PROCESSOR_IDENTIFIER=Intel64 Family 6 Model 156 Stepping 0, GenuineIntel
TMP=C:\Users\alexa\AppData\Local\Temp
TEMP=C:\Users\alexa\AppData\Local\Temp



Periodic native trim disabled


---------------  S Y S T E M  ---------------

OS:
 Windows 11 , 64 bit Build 22621 (10.0.22621.5415)
OS uptime: 11 days 5:35 hours
Hyper-V role detected

CPU: total 2 (initial active 2) (2 cores per cpu, 1 threads per core) family 6 model 156 stepping 0 microcode 0x24000026, cx8, cmov, fxsr, mmx, 3dnowpref, sse, sse2, sse3, ssse3, sse4.1, sse4.2, popcnt, tsc, tscinvbit, aes, erms, clmul, sha, clflush, clflushopt, clwb, hv
Processor Information for all 2 processors :
  Max Mhz: 1114, Current Mhz: 1114, Mhz Limit: 1114

Memory: 4k page, system-wide physical 3905M (260M free)
TotalPageFile size 15681M (AvailPageFile size 9M)
current process WorkingSet (physical memory assigned to process): 23M, peak: 107M
current process commit charge ("private bytes"): 159M, peak: 160M

vm_info: OpenJDK 64-Bit Server VM (17.0.20.1+1) for windows-amd64 JRE (17.0.20.1+1), built on Aug 18 2026 20:44:09 by "admin" with MS VC++ 17.12 (VS2022)

END.
